Component: ARM Compiler 5.06 update 7 (build 960) Tool: armlink [4d3601]

==============================================================================

Section Cross References

    main.o(.text) refers to _printf_percent.o(.ARM.Collect$$_printf_percent$$00000000) for _printf_percent
    main.o(.text) refers to _printf_f.o(.ARM.Collect$$_printf_percent$$00000003) for _printf_f
    main.o(.text) refers to printf1.o(x$fpl$printf1) for _printf_fp_dec
    main.o(.text) refers to misc.o(.text) for NVIC_PriorityGroupConfig
    main.o(.text) refers to delay.o(.text) for delay_init
    main.o(.text) refers to usart.o(.text) for uart_init
    main.o(.text) refers to led.o(.text) for LED_Init
    main.o(.text) refers to oled.o(.text) for OLED_Init
    main.o(.text) refers to spi.o(.text) for SPI_TDC_Init
    main.o(.text) refers to tdc.o(.text) for TDC_GPIO_Init
    main.o(.text) refers to f2d.o(x$fpl$f2d) for __aeabi_f2d
    main.o(.text) refers to ddiv.o(x$fpl$ddiv) for __aeabi_ddiv
    main.o(.text) refers to d2f.o(x$fpl$d2f) for __aeabi_d2f
    main.o(.text) refers to noretval__2printf.o(.text) for __2printf
    main.o(.text) refers to noretval__2sprintf.o(.text) for __2sprintf
    main.o(.text) refers to main.o(.data) for byte
    main.o(.text) refers to tdc.o(.data) for INTSign
    system_stm32f4xx.o(.text) refers to system_stm32f4xx.o(.data) for SystemCoreClock
    oled.o(.text) refers to stm32f4xx_gpio.o(.text) for GPIO_SetBits
    oled.o(.text) refers to oled.o(.bss) for OLED_GRAM
    oled.o(.text) refers to oled.o(.constdata) for asc2_1206
    oled.o(.text) refers to stm32f4xx_rcc.o(.text) for RCC_AHB1PeriphClockCmd
    oled.o(.text) refers to delay.o(.text) for delay_ms
    oled.o(.text) refers to oled.o(.data) for Hzk1
    led.o(.text) refers to stm32f4xx_rcc.o(.text) for RCC_AHB1PeriphClockCmd
    led.o(.text) refers to stm32f4xx_gpio.o(.text) for GPIO_Init
    spi.o(.text) refers to stm32f4xx_rcc.o(.text) for RCC_AHB1PeriphClockCmd
    spi.o(.text) refers to stm32f4xx_gpio.o(.text) for GPIO_PinAFConfig
    spi.o(.text) refers to stm32f4xx_spi.o(.text) for SPI_Init
    spi.o(.text) refers to f2d.o(x$fpl$f2d) for __aeabi_f2d
    spi.o(.text) refers to dmul.o(x$fpl$dmul) for __aeabi_dmul
    spi.o(.text) refers to d2f.o(x$fpl$d2f) for __aeabi_d2f
    spi.o(.text) refers to delay.o(.text) for delay_us
    tdc.o(.text) refers to stm32f4xx_rcc.o(.text) for RCC_AHB1PeriphClockCmd
    tdc.o(.text) refers to stm32f4xx_gpio.o(.text) for GPIO_Init
    tdc.o(.text) refers to spi.o(.text) for SPI1_ReadWriteByte
    tdc.o(.text) refers to delay.o(.text) for delay_ms
    tdc.o(.text) refers to stm32f4xx_syscfg.o(.text) for SYSCFG_EXTILineConfig
    tdc.o(.text) refers to stm32f4xx_exti.o(.text) for EXTI_Init
    tdc.o(.text) refers to misc.o(.text) for NVIC_Init
    tdc.o(.text) refers to stm32f4xx_spi.o(.text) for SPI_I2S_GetFlagStatus
    tdc.o(.text) refers to tdc.o(.data) for INTSign
    tdc.o(.text) refers to f2d.o(x$fpl$f2d) for __aeabi_f2d
    tdc.o(.text) refers to ddiv.o(x$fpl$ddiv) for __aeabi_ddiv
    tdc.o(.text) refers to d2f.o(x$fpl$d2f) for __aeabi_d2f
    delay.o(.text) refers to misc.o(.text) for SysTick_CLKSourceConfig
    delay.o(.text) refers to delay.o(.data) for fac_us
    usart.o(.rev16_text) refers (Special) to use_no_semi_2.o(.text) for __use_no_semihosting
    usart.o(.revsh_text) refers (Special) to use_no_semi_2.o(.text) for __use_no_semihosting
    usart.o(.text) refers (Special) to use_no_semi_2.o(.text) for __use_no_semihosting
    usart.o(.text) refers to stm32f4xx_rcc.o(.text) for RCC_AHB1PeriphClockCmd
    usart.o(.text) refers to stm32f4xx_gpio.o(.text) for GPIO_PinAFConfig
    usart.o(.text) refers to stm32f4xx_usart.o(.text) for USART_Init
    usart.o(.text) refers to misc.o(.text) for NVIC_Init
    usart.o(.text) refers to usart.o(.data) for USART_RX_STA
    usart.o(.text) refers to usart.o(.bss) for USART_RX_BUF
    usart.o(.bss) refers (Special) to use_no_semi_2.o(.text) for __use_no_semihosting
    usart.o(.data) refers (Special) to use_no_semi_2.o(.text) for __use_no_semihosting
    startup_stm32f40_41xxx.o(STACK) refers (Special) to heapauxi.o(.text) for __use_two_region_memory
    startup_stm32f40_41xxx.o(HEAP) refers (Special) to heapauxi.o(.text) for __use_two_region_memory
    startup_stm32f40_41xxx.o(RESET) refers (Special) to heapauxi.o(.text) for __use_two_region_memory
    startup_stm32f40_41xxx.o(RESET) refers to startup_stm32f40_41xxx.o(STACK) for __initial_sp
    startup_stm32f40_41xxx.o(RESET) refers to startup_stm32f40_41xxx.o(.text) for Reset_Handler
    startup_stm32f40_41xxx.o(RESET) refers to stm32f4xx_it.o(.text) for NMI_Handler
    startup_stm32f40_41xxx.o(RESET) refers to usart.o(.text) for USART1_IRQHandler
    startup_stm32f40_41xxx.o(RESET) refers to tdc.o(.text) for EXTI15_10_IRQHandler
    startup_stm32f40_41xxx.o(.text) refers (Special) to heapauxi.o(.text) for __use_two_region_memory
[...]
    ../clib/printf.c                         0x00000000   Number         0  __printf_flags_ss.o ABSOLUTE
    ../clib/printf.c                         0x00000000   Number         0  noretval__2sprintf.o ABSOLUTE
    ../clib/printf.c                         0x00000000   Number         0  _printf_char_file.o ABSOLUTE
    ../clib/printf.c                         0x00000000   Number         0  __printf_flags.o ABSOLUTE
    ../clib/printf.c                         0x00000000   Number         0  __printf_flags_wp.o ABSOLUTE
    ../clib/printf.c                         0x00000000   Number         0  __printf.o ABSOLUTE
    ../clib/printf.c                         0x00000000   Number         0  __printf_wp.o ABSOLUTE
    ../clib/printf.c                         0x00000000   Number         0  __printf_ss.o ABSOLUTE
    ../clib/printf.c                         0x00000000   Number         0  noretval__2printf.o ABSOLUTE
    ../clib/printf.c                         0x00000000   Number         0  __2sprintf.o ABSOLUTE
    ../clib/printf.c                         0x00000000   Number         0  _printf_char_common.o ABSOLUTE
    ../clib/printf.c                         0x00000000   Number         0  __printf_nopercent.o ABSOLUTE
    ../clib/printf.c                         0x00000000   Number         0  _printf_fp_infnan.o ABSOLUTE
    ../clib/printf.c                         0x00000000   Number         0  _sputc.o ABSOLUTE
    ../clib/printf.c                         0x00000000   Number         0  _printf_fp_dec.o ABSOLUTE
    ../clib/printf_percent.s                 0x00000000   Number         0  _printf_f.o ABSOLUTE
    ../clib/printf_percent.s                 0x00000000   Number         0  _printf_percent.o ABSOLUTE
    ../clib/printf_percent.s                 0x00000000   Number         0  _printf_percent_end.o ABSOLUTE
    ../clib/signal.c                         0x00000000   Number         0  defsig_other.o ABSOLUTE
    ../clib/signal.c                         0x00000000   Number         0  defsig_segv_inner.o ABSOLUTE
    ../clib/signal.c                         0x00000000   Number         0  defsig_pvfn_inner.o ABSOLUTE
    ../clib/signal.c                         0x00000000   Number         0  defsig_stak_inner.o ABSOLUTE
    ../clib/signal.c                         0x00000000   Number         0  defsig_abrt_inner.o ABSOLUTE
    ../clib/signal.c                         0x00000000   Number         0  defsig_rtred_inner.o ABSOLUTE
    ../clib/signal.c                         0x00000000   Number         0  defsig_fpe_inner.o ABSOLUTE
    ../clib/signal.c                         0x00000000   Number         0  defsig_cppl_inner.o ABSOLUTE
    ../clib/signal.c                         0x00000000   Number         0  defsig_general.o ABSOLUTE
    ../clib/signal.c                         0x00000000   Number         0  __raise.o ABSOLUTE
    ../clib/signal.c                         0x00000000   Number         0  defsig_rtmem_inner.o ABSOLUTE
    ../clib/signal.c                         0x00000000   Number         0  defsig_rtmem_outer.o ABSOLUTE
    ../clib/signal.c                         0x00000000   Number         0  defsig_exit.o ABSOLUTE
    ../clib/signal.c                         0x00000000   Number         0  defsig_rtmem_formal.o ABSOLUTE
    ../clib/signal.s                         0x00000000   Number         0  defsig.o ABSOLUTE
    ../clib/stdio.c                          0x00000000   Number         0  ferror.o ABSOLUTE
    ../clib/stdio.c                          0x00000000   Number         0  ferror_locked.o ABSOLUTE
    ../clib/stdlib.c                         0x00000000   Number         0  exit.o ABSOLUTE
    ../fplib/d2f.s                           0x00000000   Number         0  d2f.o ABSOLUTE
    ../fplib/ddiv.s                          0x00000000   Number         0  ddiv.o ABSOLUTE
    ../fplib/dmul.s                          0x00000000   Number         0  dmul.o ABSOLUTE
    ../fplib/dnaninf.s                       0x00000000   Number         0  dnaninf.o ABSOLUTE
    ../fplib/dretinf.s                       0x00000000   Number         0  dretinf.o ABSOLUTE
    ../fplib/f2d.s                           0x00000000   Number         0  f2d.o ABSOLUTE
    ../fplib/fnaninf.s                       0x00000000   Number         0  fnaninf.o ABSOLUTE
    ../fplib/fpinit.s                        0x00000000   Number         0  fpinit.o ABSOLUTE
    ../fplib/fretinf.s                       0x00000000   Number         0  fretinf.o ABSOLUTE
    ../fplib/istatus.s                       0x00000000   Number         0  istatus.o ABSOLUTE
    ../fplib/printf1.s                       0x00000000   Number         0  printf1.o ABSOLUTE
    ../fplib/usenofp.s                       0x00000000   Number         0  usenofp.o ABSOLUTE
    ../mathlib/fpclassify.c                  0x00000000   Number         0  fpclassify.o ABSOLUTE
    ..\CORE\startup_stm32f40_41xxx.s         0x00000000   Number         0  startup_stm32f40_41xxx.o ABSOLUTE
    ..\FWLIB\src\misc.c                      0x00000000   Number         0  misc.o ABSOLUTE
    ..\FWLIB\src\stm32f4xx_exti.c            0x00000000   Number         0  stm32f4xx_exti.o ABSOLUTE
    ..\FWLIB\src\stm32f4xx_gpio.c            0x00000000   Number         0  stm32f4xx_gpio.o ABSOLUTE
    ..\FWLIB\src\stm32f4xx_rcc.c             0x00000000   Number         0  stm32f4xx_rcc.o ABSOLUTE
    ..\FWLIB\src\stm32f4xx_spi.c             0x00000000   Number         0  stm32f4xx_spi.o ABSOLUTE
    ..\FWLIB\src\stm32f4xx_syscfg.c          0x00000000   Number         0  stm32f4xx_syscfg.o ABSOLUTE
    ..\FWLIB\src\stm32f4xx_usart.c           0x00000000   Number         0  stm32f4xx_usart.o ABSOLUTE
    ..\HARDWARE\LED\led.c                    0x00000000   Number         0  led.o ABSOLUTE
    ..\HARDWARE\OLED\oled.c                  0x00000000   Number         0  oled.o ABSOLUTE
    ..\HARDWARE\SPI\spi.c                    0x00000000   Number         0  spi.o ABSOLUTE
    ..\HARDWARE\TDC\tdc.c                    0x00000000   Number         0  tdc.o ABSOLUTE
    ..\SYSTEM\delay\delay.c                  0x00000000   Number         0  delay.o ABSOLUTE
    ..\SYSTEM\sys\sys.c                      0x00000000   Number         0  sys.o ABSOLUTE
    ..\SYSTEM\usart\usart.c                  0x00000000   Number         0  usart.o ABSOLUTE
    ..\\FWLIB\\src\\misc.c                   0x00000000   Number         0  misc.o ABSOLUTE
    ..\\FWLIB\\src\\stm32f4xx_exti.c         0x00000000   Number         0  stm32f4xx_exti.o ABSOLUTE
    ..\\FWLIB\\src\\stm32f4xx_gpio.c         0x00000000   Number         0  stm32f4xx_gpio.o ABSOLUTE
    ..\\FWLIB\\src\\stm32f4xx_rcc.c          0x00000000   Number         0  stm32f4xx_rcc.o ABSOLUTE
    ..\\FWLIB\\src\\stm32f4xx_spi.c          0x00000000   Number         0  stm32f4xx_spi.o ABSOLUTE
    ..\\FWLIB\\src\\stm32f4xx_syscfg.c       0x00000000   Number         0  stm32f4xx_syscfg.o ABSOLUTE
    ..\\FWLIB\\src\\stm32f4xx_usart.c        0x00000000   Number         0  stm32f4xx_usart.o ABSOLUTE
    ..\\HARDWARE\\LED\\led.c                 0x00000000   Number         0  led.o ABSOLUTE
    ..\\HARDWARE\\OLED\\oled.c               0x00000000   Number         0  oled.o ABSOLUTE
    ..\\HARDWARE\\SPI\\spi.c                 0x00000000   Number         0  spi.o ABSOLUTE
    ..\\HARDWARE\\TDC\\tdc.c                 0x00000000   Number         0  tdc.o ABSOLUTE
    ..\\SYSTEM\\delay\\delay.c               0x00000000   Number         0  delay.o ABSOLUTE
    ..\\SYSTEM\\sys\\sys.c                   0x00000000   Number         0  sys.o ABSOLUTE
    ..\\SYSTEM\\usart\\usart.c               0x00000000   Number         0  usart.o ABSOLUTE
    dc.s                                     0x00000000   Number         0  dc.o ABSOLUTE
    main.c                                   0x00000000   Number         0  main.o ABSOLUTE
    main.c                                   0x00000000   Number         0  main.o ABSOLUTE
    stm32f4xx_it.c                           0x00000000   Number         0  stm32f4xx_it.o ABSOLUTE
    stm32f4xx_it.c                           0x00000000   Number         0  stm32f4xx_it.o ABSOLUTE
    system_stm32f4xx.c                       0x00000000   Number         0  system_stm32f4xx.o ABSOLUTE
    system_stm32f4xx.c                       0x00000000   Number         0  system_stm32f4xx.o ABSOLUTE
    RESET                                    0x08000000   Section      392  startup_stm32f40_41xxx.o(RESET)
    !!!main                                  0x08000188   Section        8  __main.o(!!!main)
    !!!scatter                               0x08000190   Section       52  __scatter.o(!!!scatter)
    !!dczerorl2                              0x080001c4   Section       90  __dczerorl2.o(!!dczerorl2)
    !!handler_zi                             0x08000220   Section       28  __scatter_zi.o(!!handler_zi)
    .ARM.Collect$$_printf_percent$$00000000  0x0800023c   Section        0  _printf_percent.o(.ARM.Collect$$_printf_percent$$00000000)
    .ARM.Collect$$_printf_percent$$00000003  0x0800023c   Section        6  _printf_f.o(.ARM.Collect$$_printf_percent$$00000003)
    .ARM.Collect$$_printf_percent$$00000017  0x08000242   Section        4  _printf_percent_end.o(.ARM.Collect$$_printf_percent$$00000017)
    .ARM.Collect$$libinit$$00000000          0x08000246   Section        2  libinit.o(.ARM.Collect$$libinit$$00000000)
    .ARM.Collect$$libinit$$00000001          0x08000248   Section        4  libinit2.o(.ARM.Collect$$libinit$$00000001)
    .ARM.Collect$$libinit$$00000004          0x0800024c   Section        0  libinit2.o(.ARM.Collect$$libinit$$00000004)
    .ARM.Collect$$libinit$$0000000A          0x0800024c   Section        0  libinit2.o(.ARM.Collect$$libinit$$0000000A)
    .ARM.Collect$$libinit$$0000000C          0x0800024c   Section        0  libinit2.o(.ARM.Collect$$libinit$$0000000C)
    .ARM.Collect$$libinit$$0000000E          0x0800024c   Section        0  libinit2.o(.ARM.Collect$$libinit$$0000000E)
    .ARM.Collect$$libinit$$0000000F          0x0800024c   Section        6  libinit2.o(.ARM.Collect$$libinit$$0000000F)
    .ARM.Collect$$libinit$$00000011          0x08000252   Section        0  libinit2.o(.ARM.Collect$$libinit$$00000011)
    .ARM.Collect$$libinit$$00000013          0x08000252   Section        0  libinit2.o(.ARM.Collect$$libinit$$00000013)
    .ARM.Collect$$libinit$$00000015          0x08000252   Section        0  libinit2.o(.ARM.Collect$$libinit$$00000015)
    .ARM.Collect$$libinit$$00000016          0x08000252   Section       10  libinit2.o(.ARM.Collect$$libinit$$00000016)
    .ARM.Collect$$libinit$$00000017          0x0800025c   Section        0  libinit2.o(.ARM.Collect$$libinit$$00000017)
    .ARM.Collect$$libinit$$00000019          0x0800025c   Section        0  libinit2.o(.ARM.Collect$$libinit$$00000019)
    .ARM.Collect$$libinit$$0000001B          0x0800025c   Section        0  libinit2.o(.ARM.Collect$$libinit$$0000001B)
    .ARM.Collect$$libinit$$0000001D          0x0800025c   Section        0  libinit2.o(.ARM.Collect$$libinit$$0000001D)
    .ARM.Collect$$libinit$$0000001F          0x0800025c   Section        0  libinit2.o(.ARM.Collect$$libinit$$0000001F)
    .ARM.Collect$$libinit$$00000021          0x0800025c   Section        0  libinit2.o(.ARM.Collect$$libinit$$00000021)
    .ARM.Collect$$libinit$$00000023          0x0800025c   Section        0  libinit2.o(.ARM.Collect$$libinit$$00000023)
    .ARM.Collect$$libinit$$00000025          0x0800025c   Section        0  libinit2.o(.ARM.Collect$$libinit$$00000025)
    .ARM.Collect$$libinit$$0000002C          0x0800025c   Section        0  libinit2.o(.ARM.Collect$$libinit$$0000002C)
    .ARM.Collect$$libinit$$0000002E          0x0800025c   Section        0  libinit2.o(.ARM.Collect$$libinit$$0000002E)
    .ARM.Collect$$libinit$$00000030          0x0800025c   Section        0  libinit2.o(.ARM.Collect$$libinit$$00000030)
    .ARM.Collect$$libinit$$00000032          0x0800025c   Section        0  libinit2.o(.ARM.Collect$$libinit$$00000032)
    .ARM.Collect$$libinit$$00000033          0x0800025c   Section        2  libinit2.o(.ARM.Collect$$libinit$$00000033)
    .ARM.Collect$$libshutdown$$00000000      0x0800025e   Section        2  libshutdown.o(.ARM.Collect$$libshutdown$$00000000)
    .ARM.Collect$$libshutdown$$00000002      0x08000260   Section        0  libshutdown2.o(.ARM.Collect$$libshutdown$$00000002)
    .ARM.Collect$$libshutdown$$00000004      0x08000260   Section        0  libshutdown2.o(.ARM.Collect$$libshutdown$$00000004)
    .ARM.Collect$$libshutdown$$00000006      0x08000260   Section        0  libshutdown2.o(.ARM.Collect$$libshutdown$$00000006)
    .ARM.Collect$$libshutdown$$00000009      0x08000260   Section        0  libshutdown2.o(.ARM.Collect$$libshutdown$$00000009)
    .ARM.Collect$$libshutdown$$0000000C      0x08000260   Section        0  libshutdown2.o(.ARM.Collect$$libshutdown$$0000000C)
    .ARM.Collect$$libshutdown$$0000000E      0x08000260   Section        0  libshutdown2.o(.ARM.Collect$$libshutdown$$0000000E)
    .ARM.Collect$$libshutdown$$00000011      0x08000260   Section        0  libshutdown2.o(.ARM.Collect$$libshutdown$$00000011)
    .ARM.Collect$$libshutdown$$00000012      0x08000260   Section        2  libshutdown2.o(.ARM.Collect$$libshutdown$$00000012)
    .ARM.Collect$$rtentry$$00000000          0x08000262   Section        0  __rtentry.o(.ARM.Collect$$rtentry$$00000000)
    .ARM.Collect$$rtentry$$00000002          0x08000262   Section        0  __rtentry2.o(.ARM.Collect$$rtentry$$00000002)
    .ARM.Collect$$rtentry$$00000004          0x08000262   Section        6  __rtentry4.o(.ARM.Collect$$rtentry$$00000004)
    .ARM.Collect$$rtentry$$00000009          0x08000268   Section        0  __rtentry2.o(.ARM.Collect$$rtentry$$00000009)
    .ARM.Collect$$rtentry$$0000000A          0x08000268   Section        4  __rtentry2.o(.ARM.Collect$$rtentry$$0000000A)
    .ARM.Collect$$rtentry$$0000000C          0x0800026c   Section        0  __rtentry2.o(.ARM.Collect$$rtentry$$0000000C)
    .ARM.Collect$$rtentry$$0000000D          0x0800026c   Section        8  __rtentry2.o(.ARM.Collect$$rtentry$$0000000D)
    .ARM.Collect$$rtexit$$00000000           0x08000274   Section        2  rtexit.o(.ARM.Collect$$rtexit$$00000000)
    .ARM.Collect$$rtexit$$00000002           0x08000276   Section        0  rtexit2.o(.ARM.Collect$$rtexit$$00000002)
    .ARM.Collect$$rtexit$$00000003           0x08000276   Section        4  rtexit2.o(.ARM.Collect$$rtexit$$00000003)
    .ARM.Collect$$rtexit$$00000004           0x0800027a   Section        6  rtexit2.o(.ARM.Collect$$rtexit$$00000004)
    .text                                    0x08000280   Section        0  main.o(.text)
    .text                                    0x08000520   Section        0  stm32f4xx_it.o(.text)
    .text                                    0x0800053c   Section        0  system_stm32f4xx.o(.text)
    SetSysClock                              0x0800053d   Thumb Code   220  system_stm32f4xx.o(.text)
    .text                                    0x0800074c   Section        0  oled.o(.text)
    .text                                    0x08000fd8   Section        0  led.o(.text)
    .text                                    0x08001020   Section        0  spi.o(.text)
    .text                                    0x080012d8   Section        0  tdc.o(.text)
    .text                                    0x08001818   Section        0  delay.o(.text)
    .text                                    0x0800191c   Section        0  usart.o(.text)
    .text                                    0x08001a64   Section       64  startup_stm32f40_41xxx.o(.text)
    $v0                                      0x08001a64   Number         0  startup_stm32f40_41xxx.o(.text)
    .text                                    0x08001aa4   Section        0  misc.o(.text)
    .text                                    0x08001b84   Section        0  stm32f4xx_gpio.o(.text)
    .text                                    0x08001e18   Section        0  stm32f4xx_rcc.o(.text)
    .text                                    0x08002474   Section        0  stm32f4xx_usart.o(.text)
    .text                                    0x080028c8   Section        0  stm32f4xx_syscfg.o(.text)
    .text                                    0x0800295c   Section        0  stm32f4xx_spi.o(.text)
    .text                                    0x08002ddc   Section        0  stm32f4xx_exti.o(.text)
    .text                                    0x08002eec   Section        2  use_no_semi_2.o(.text)
    .text                                    0x08002ef0   Section        0  noretval__2printf.o(.text)
    .text                                    0x08002f08   Section        0  noretval__2sprintf.o(.text)
    .text                                    0x08002f30   Section        0  __printf_wp.o(.text)
    .text                                    0x0800303e   Section        0  heapauxi.o(.text)
    .text                                    0x08003044   Section        2  use_no_semi.o(.text)
    .text                                    0x08003046   Section        0  _printf_fp_dec.o(.text)
    _fp_digits                               0x08003049   Thumb Code   432  _printf_fp_dec.o(.text)
    .text                                    0x08003464   Section        0  _printf_char_common.o(.text)
    _printf_input_char                       0x08003465   Thumb Code    10  _printf_char_common.o(.text)
    .text                                    0x08003494   Section        0  _sputc.o(.text)
    .text                                    0x080034a0   Section        0  _printf_char_file.o(.text)
    .text                                    0x080034c4   Section        8  rt_locale_intlibspace.o(.text)
    .text                                    0x080034cc   Section      138  lludiv10.o(.text)
    .text                                    0x08003558   Section        0  _printf_fp_infnan.o(.text)
    .text                                    0x080035d8   Section        0  bigflt0.o(.text)
    .text                                    0x080036bc   Section        0  ferror.o(.text)
    .text                                    0x080036c4   Section        8  libspace.o(.text)
    .text                                    0x080036cc   Section       74  sys_stackheap_outer.o(.text)
    .text                                    0x08003716   Section        0  exit.o(.text)
    .text                                    0x08003728   Section      128  strcmpv7m.o(.text)
    CL$$btod_d2e                             0x080037a8   Section       62  btod.o(CL$$btod_d2e)
    CL$$btod_d2e_denorm_low                  0x080037e6   Section       70  btod.o(CL$$btod_d2e_denorm_low)
    CL$$btod_d2e_norm_op1                    0x0800382c   Section       96  btod.o(CL$$btod_d2e_norm_op1)
    CL$$btod_div_common                      0x0800388c   Section      824  btod.o(CL$$btod_div_common)
    CL$$btod_e2e                             0x08003bc4   Section      220  btod.o(CL$$btod_e2e)
    CL$$btod_ediv                            0x08003ca0   Section       42  btod.o(CL$$btod_ediv)
    CL$$btod_emul                            0x08003cca   Section       42  btod.o(CL$$btod_emul)
    CL$$btod_mult_common                     0x08003cf4   Section      580  btod.o(CL$$btod_mult_common)
    i.__ARM_fpclassify                       0x08003f38   Section        0  fpclassify.o(i.__ARM_fpclassify)
    i._is_digit                              0x08003f68   Section        0  __printf_wp.o(i._is_digit)
    locale$$code                             0x08003f78   Section       44  lc_numeric_c.o(locale$$code)
    x$fpl$d2f                                0x08003fa4   Section       98  d2f.o(x$fpl$d2f)
    $v0                                      0x08003fa4   Number         0  d2f.o(x$fpl$d2f)
    x$fpl$ddiv                               0x08004008   Section      688  ddiv.o(x$fpl$ddiv)
    $v0                                      0x08004008   Number         0  ddiv.o(x$fpl$ddiv)
    ddiv_entry                               0x0800400f   Thumb Code     0  ddiv.o(x$fpl$ddiv)
    x$fpl$dmul                               0x080042b8   Section      340  dmul.o(x$fpl$dmul)
    $v0                                      0x080042b8   Number         0  dmul.o(x$fpl$dmul)
    x$fpl$dnaninf                            0x0800440c   Section      156  dnaninf.o(x$fpl$dnaninf)
    $v0                                      0x0800440c   Number         0  dnaninf.o(x$fpl$dnaninf)
    x$fpl$dretinf                            0x080044a8   Section       12  dretinf.o(x$fpl$dretinf)
    $v0                                      0x080044a8   Number         0  dretinf.o(x$fpl$dretinf)
    x$fpl$f2d                                0x080044b4   Section       86  f2d.o(x$fpl$f2d)
    $v0                                      0x080044b4   Number         0  f2d.o(x$fpl$f2d)
    x$fpl$fnaninf                            0x0800450a   Section      140  fnaninf.o(x$fpl$fnaninf)
    $v0                                      0x0800450a   Number         0  fnaninf.o(x$fpl$fnaninf)
    x$fpl$fpinit                             0x08004596   Section       10  fpinit.o(x$fpl$fpinit)
    $v0                                      0x08004596   Number         0  fpinit.o(x$fpl$fpinit)
    x$fpl$fretinf                            0x080045a0   Section       10  fretinf.o(x$fpl$fretinf)
    $v0                                      0x080045a0   Number         0  fretinf.o(x$fpl$fretinf)
    x$fpl$printf1                            0x080045aa   Section        4  printf1.o(x$fpl$printf1)
    $v0                                      0x080045aa   Number         0  printf1.o(x$fpl$printf1)
    .constdata                               0x080045ae   Section     6080  oled.o(.constdata)
    x$fpl$usenofp                            0x080045ae   Section        0  usenofp.o(x$fpl$usenofp)
    .constdata                               0x08005d70   Section      148  bigflt0.o(.constdata)
    tenpwrs_x                                0x08005d70   Data          60  bigflt0.o(.constdata)
    tenpwrs_i                                0x08005dac   Data          64  bigflt0.o(.constdata)
    locale$$data                             0x08005e24   Section       28  lc_numeric_c.o(locale$$data)
    __lcnum_c_name                           0x08005e28   Data           2  lc_numeric_c.o(locale$$data)
    __lcnum_c_start                          0x08005e30   Data           0  lc_numeric_c.o(locale$$data)
    __lcnum_c_point                          0x08005e3c   Data           0  lc_numeric_c.o(locale$$data)
    __lcnum_c_thousands                      0x08005e3e   Data           0  lc_numeric_c.o(locale$$data)
    __lcnum_c_grouping                       0x08005e3f   Data           0  lc_numeric_c.o(locale$$data)
    __lcnum_c_end                            0x08005e40   Data           0  lc_numeric_c.o(locale$$data)
    .data                                    0x20000000   Section       56  main.o(.data)
    .data                                    0x20000038   Section       20  system_stm32f4xx.o(.data)
    .data                                    0x2000004c   Section     5176  oled.o(.data)
    .data                                    0x20001484   Section       24  tdc.o(.data)
    .data                                    0x2000149c   Section        4  delay.o(.data)
    fac_us                                   0x2000149c   Data           1  delay.o(.data)
    fac_ms                                   0x2000149e   Data           2  delay.o(.data)
    .data                                    0x200014a0   Section        6  usart.o(.data)
    .data                                    0x200014a6   Section       16  stm32f4xx_rcc.o(.data)
    APBAHBPrescTable                         0x200014a6   Data          16  stm32f4xx_rcc.o(.data)
    .bss                                     0x200014b8   Section     1152  oled.o(.bss)
    .bss                                     0x20001938   Section      200  usart.o(.bss)
    .bss                                     0x20001a00   Section       96  libspace.o(.bss)
    HEAP                                     0x20001a60   Section      512  startup_stm32f40_41xxx.o(HEAP)
    Heap_Mem                                 0x20001a60   Data         512  startup_stm32f40_41xxx.o(HEAP)
    STACK                                    0x20001c60   Section     1024  startup_stm32f40_41xxx.o(STACK)
    Stack_Mem                                0x20001c60   Data        1024  startup_stm32f40_41xxx.o(STACK)
    __initial_sp                             0x20002060   Data           0  startup_stm32f40_41xxx.o(STACK)

    Global Symbols

    Symbol Name                              Value     Ov Type        Size  Object(Section)

    BuildAttributes$$THM_ISAv4$E$P$D$K$B$S$7EM$VFPi3$EXTD16$VFPS$VFMA$PE$A:L22UL41UL21$X:L11$S22US41US21$IEEE1$IW$USESV6$~STKCKD$USESV7$~SHL$OTIME$ROPI$IEEEJ$EBA8$UX$STANDARDLIB$REQ8$PRES8$EABIv2 0x00000000   Number         0  anon$$obj.o ABSOLUTE
    __ARM_use_no_argv                        0x00000000   Number         0  main.o ABSOLUTE
    _printf_flags                            0x00000000   Number         0  printf_stubs.o ABSOLUTE
    _printf_return_value                     0x00000000   Number         0  printf_stubs.o ABSOLUTE
    _printf_sizespec                         0x00000000   Number         0  printf_stubs.o ABSOLUTE
    _printf_widthprec                        0x00000000   Number         0  printf_stubs.o ABSOLUTE
    __ARM_exceptions_init                     - Undefined Weak Reference
    __alloca_initialize                       - Undefined Weak Reference
    __arm_fini_                               - Undefined Weak Reference
    __arm_preinit_                            - Undefined Weak Reference
    __cpp_initialize__aeabi_                  - Undefined Weak Reference
    __cxa_finalize                            - Undefined Weak Reference
    __sigvec_lookup                           - Undefined Weak Reference
    _atexit_init                              - Undefined Weak Reference
    _call_atexit_fns                          - Undefined Weak Reference
    _clock_init                               - Undefined Weak Reference
    _fp_trap_init                             - Undefined Weak Reference
    _fp_trap_shutdown                         - Undefined Weak Reference
    _get_lc_collate                           - Undefined Weak Reference
    _get_lc_ctype                             - Undefined Weak Reference
    _get_lc_monetary                          - Undefined Weak Reference
    _get_lc_time                              - Undefined Weak Reference
    _getenv_init                              - Undefined Weak Reference
    _handle_redirection                       - Undefined Weak Reference
    _init_alloc                               - Undefined Weak Reference
    _init_user_alloc                          - Undefined Weak Reference
    _initio                                   - Undefined Weak Reference
    _mutex_acquire                            - Undefined Weak Reference
    _mutex_release                            - Undefined Weak Reference
    _printf_post_padding                      - Undefined Weak Reference
    _printf_pre_padding                       - Undefined Weak Reference
    _rand_init                                - Undefined Weak Reference
    _signal_finish                            - Undefined Weak Reference
    _signal_init                              - Undefined Weak Reference
    _terminate_alloc                          - Undefined Weak Reference
    _terminate_user_alloc                     - Undefined Weak Reference
    _terminateio                              - Undefined Weak Reference
    __Vectors_Size                           0x00000188   Number         0  startup_stm32f40_41xxx.o ABSOLUTE
    __Vectors                                0x08000000   Data           4  startup_stm32f40_41xxx.o(RESET)
    __Vectors_End                            0x08000188   Data           0  startup_stm32f40_41xxx.o(RESET)
    __main                                   0x08000189   Thumb Code     8  __main.o(!!!main)
    __scatterload                            0x08000191   Thumb Code     0  __scatter.o(!!!scatter)
    __scatterload_rt2                        0x08000191   Thumb Code    44  __scatter.o(!!!scatter)
    __scatterload_rt2_thumb_only             0x08000191   Thumb Code     0  __scatter.o(!!!scatter)
    __scatterload_null                       0x0800019f   Thumb Code     0  __scatter.o(!!!scatter)
    __decompress                             0x080001c5   Thumb Code    90  __dczerorl2.o(!!dczerorl2)
    __decompress1                            0x080001c5   Thumb Code     0  __dczerorl2.o(!!dczerorl2)
    __scatterload_zeroinit                   0x08000221   Thumb Code    28  __scatter_zi.o(!!handler_zi)
    _printf_f                                0x0800023d   Thumb Code     0  _printf_f.o(.ARM.Collect$$_printf_percent$$00000003)
    _printf_percent                          0x0800023d   Thumb Code     0  _printf_percent.o(.ARM.Collect$$_printf_percent$$00000000)
    _printf_percent_end                      0x08000243   Thumb Code     0  _printf_percent_end.o(.ARM.Collect$$_printf_percent$$00000017)
    __rt_lib_init                            0x08000247   Thumb Code     0  libinit.o(.ARM.Collect$$libinit$$00000000)
    __rt_lib_init_fp_1                       0x08000249   Thumb Code     0  libinit2.o(.ARM.Collect$$libinit$$00000001)
    __rt_lib_init_heap_1                     0x0800024d   Thumb Code     0  libinit2.o(.ARM.Collect$$libinit$$0000000A)
    __rt_lib_init_lc_common                  0x0800024d   Thumb Code     0  libinit2.o(.ARM.Collect$$libinit$$0000000F)
    __rt_lib_init_preinit_1                  0x0800024d   Thumb Code     0  libinit2.o(.ARM.Collect$$libinit$$00000004)
    __rt_lib_init_rand_1                     0x0800024d   Thumb Code     0  libinit2.o(.ARM.Collect$$libinit$$0000000E)
    __rt_lib_init_user_alloc_1               0x0800024d   Thumb Code     0  libinit2.o(.ARM.Collect$$libinit$$0000000C)
    __rt_lib_init_lc_collate_1               0x08000253   Thumb Code     0  libinit2.o(.ARM.Collect$$libinit$$00000011)
    __rt_lib_init_lc_ctype_1                 0x08000253   Thumb Code     0  libinit2.o(.ARM.Collect$$libinit$$00000013)
    __rt_lib_init_lc_monetary_1              0x08000253   Thumb Code     0  libinit2.o(.ARM.Collect$$libinit$$00000015)
    __rt_lib_init_lc_numeric_2               0x08000253   Thumb Code     0  libinit2.o(.ARM.Collect$$libinit$$00000016)
    __rt_lib_init_alloca_1                   0x0800025d   Thumb Code     0  libinit2.o(.ARM.Collect$$libinit$$0000002E)
    __rt_lib_init_argv_1                     0x0800025d   Thumb Code     0  libinit2.o(.ARM.Collect$$libinit$$0000002C)
    __rt_lib_init_atexit_1                   0x0800025d   Thumb Code     0  libinit2.o(.ARM.Collect$$libinit$$0000001B)
    __rt_lib_init_clock_1                    0x0800025d   Thumb Code     0  libinit2.o(.ARM.Collect$$libinit$$00000021)
    __rt_lib_init_cpp_1                      0x0800025d   Thumb Code     0  libinit2.o(.ARM.Collect$$libinit$$00000032)
    __rt_lib_init_exceptions_1               0x0800025d   Thumb Code     0  libinit2.o(.ARM.Collect$$libinit$$00000030)
    __rt_lib_init_fp_trap_1                  0x0800025d   Thumb Code     0  libinit2.o(.ARM.Collect$$libinit$$0000001F)
    __rt_lib_init_getenv_1                   0x0800025d   Thumb Code     0  libinit2.o(.ARM.Collect$$libinit$$00000023)
    __rt_lib_init_lc_numeric_1               0x0800025d   Thumb Code     0  libinit2.o(.ARM.Collect$$libinit$$00000017)
    __rt_lib_init_lc_time_1                  0x0800025d   Thumb Code     0  libinit2.o(.ARM.Collect$$libinit$$00000019)
    __rt_lib_init_return                     0x0800025d   Thumb Code     0  libinit2.o(.ARM.Collect$$libinit$$00000033)
    __rt_lib_init_signal_1                   0x0800025d   Thumb Code     0  libinit2.o(.ARM.Collect$$libinit$$0000001D)
    __rt_lib_init_stdio_1                    0x0800025d   Thumb Code     0  libinit2.o(.ARM.Collect$$libinit$$00000025)
    __rt_lib_shutdown                        0x0800025f   Thumb Code     0  libshutdown.o(.ARM.Collect$$libshutdown$$00000000)
    __rt_lib_shutdown_cpp_1                  0x08000261   Thumb Code     0  libshutdown2.o(.ARM.Collect$$libshutdown$$00000004)
    __rt_lib_shutdown_fini_1                 0x08000261   Thumb Code     0  libshutdown2.o(.ARM.Collect$$libshutdown$$00000002)
    __rt_lib_shutdown_fp_trap_1              0x08000261   Thumb Code     0  libshutdown2.o(.ARM.Collect$$libshutdown$$00000009)
    __rt_lib_shutdown_heap_1                 0x08000261   Thumb Code     0  libshutdown2.o(.ARM.Collect$$libshutdown$$00000011)
    __rt_lib_shutdown_return                 0x08000261   Thumb Code     0  libshutdown2.o(.ARM.Collect$$libshutdown$$00000012)
    __rt_lib_shutdown_signal_1               0x08000261   Thumb Code     0  libshutdown2.o(.ARM.Collect$$libshutdown$$0000000C)
    __rt_lib_shutdown_stdio_1                0x08000261   Thumb Code     0  libshutdown2.o(.ARM.Collect$$libshutdown$$00000006)
    __rt_lib_shutdown_user_alloc_1           0x08000261   Thumb Code     0  libshutdown2.o(.ARM.Collect$$libshutdown$$0000000E)
    __rt_entry                               0x08000263   Thumb Code     0  __rtentry.o(.ARM.Collect$$rtentry$$00000000)
    __rt_entry_presh_1                       0x08000263   Thumb Code     0  __rtentry2.o(.ARM.Collect$$rtentry$$00000002)
    __rt_entry_sh                            0x08000263   Thumb Code     0  __rtentry4.o(.ARM.Collect$$rtentry$$00000004)
    __rt_entry_li                            0x08000269   Thumb Code     0  __rtentry2.o(.ARM.Collect$$rtentry$$0000000A)
    __rt_entry_postsh_1                      0x08000269   Thumb Code     0  __rtentry2.o(.ARM.Collect$$rtentry$$00000009)
    __rt_entry_main                          0x0800026d   Thumb Code     0  __rtentry2.o(.ARM.Collect$$rtentry$$0000000D)
    __rt_entry_postli_1                      0x0800026d   Thumb Code     0  __rtentry2.o(.ARM.Collect$$rtentry$$0000000C)
    __rt_exit                                0x08000275   Thumb Code     0  rtexit.o(.ARM.Collect$$rtexit$$00000000)
    __rt_exit_ls                             0x08000277   Thumb Code     0  rtexit2.o(.ARM.Collect$$rtexit$$00000003)
    __rt_exit_prels_1                        0x08000277   Thumb Code     0  rtexit2.o(.ARM.Collect$$rtexit$$00000002)
    __rt_exit_exit                           0x0800027b   Thumb Code     0  rtexit2.o(.ARM.Collect$$rtexit$$00000004)
    main                                     0x08000281   Thumb Code   512  main.o(.text)
    NMI_Handler                              0x08000521   Thumb Code     2  stm32f4xx_it.o(.text)
    HardFault_Handler                        0x08000523   Thumb Code     4  stm32f4xx_it.o(.text)
    MemManage_Handler                        0x08000527   Thumb Code     4  stm32f4xx_it.o(.text)
    BusFault_Handler                         0x0800052b   Thumb Code     4  stm32f4xx_it.o(.text)
    UsageFault_Handler                       0x0800052f   Thumb Code     4  stm32f4xx_it.o(.text)
    SVC_Handler                              0x08000533   Thumb Code     2  stm32f4xx_it.o(.text)
    DebugMon_Handler                         0x08000535   Thumb Code     2  stm32f4xx_it.o(.text)
    PendSV_Handler                           0x08000537   Thumb Code     2  stm32f4xx_it.o(.text)
    SysTick_Handler                          0x08000539   Thumb Code     2  stm32f4xx_it.o(.text)
    SystemInit                               0x08000619   Thumb Code    88  system_stm32f4xx.o(.text)
    SystemCoreClockUpdate                    0x08000671   Thumb Code   174  system_stm32f4xx.o(.text)
    OLED_WR_Byte                             0x0800074d   Thumb Code   122  oled.o(.text)
    OLED_ColorTurn                           0x080007c7   Thumb Code    28  oled.o(.text)
    OLED_DisplayTurn                         0x080007e3   Thumb Code    44  oled.o(.text)
    OLED_DisPlay_On                          0x0800080f   Thumb Code    28  oled.o(.text)
    OLED_DisPlay_Off                         0x0800082b   Thumb Code    28  oled.o(.text)
    OLED_Refresh                             0x08000847   Thumb Code    70  oled.o(.text)
    OLED_Clear                               0x0800088d   Thumb Code    42  oled.o(.text)
    OLED_DrawPoint                           0x080008b7   Thumb Code    54  oled.o(.text)
    OLED_ClearPoint                          0x080008ed   Thumb Code    90  oled.o(.text)
    OLED_DrawLine                            0x08000947   Thumb Code   146  oled.o(.text)
    OLED_DrawCircle                          0x080009d9   Thumb Code   152  oled.o(.text)
    OLED_ShowChar                            0x08000a71   Thumb Code   264  oled.o(.text)
    OLED_ShowString                          0x08000b79   Thumb Code    66  oled.o(.text)
    OLED_Pow                                 0x08000bbb   Thumb Code    22  oled.o(.text)
    OLED_ShowNum                             0x08000bd1   Thumb Code   116  oled.o(.text)
    OLED_ShowChinese                         0x08000c45   Thumb Code   248  oled.o(.text)
    OLED_ScrollDisplay                       0x08000d3d   Thumb Code   160  oled.o(.text)
    OLED_WR_BP                               0x08000ddd   Thumb Code    42  oled.o(.text)
    OLED_ShowPicture                         0x08000e07   Thumb Code    98  oled.o(.text)
    OLED_Init                                0x08000e69   Thumb Code   340  oled.o(.text)
    LED_Init                                 0x08000fd9   Thumb Code    68  led.o(.text)
    SPI_TDC_Init                             0x08001021   Thumb Code   206  spi.o(.text)
    SPI1_ReadWriteByte                       0x080010ef   Thumb Code    50  spi.o(.text)
    dotHextoDotDec                           0x08001121   Thumb Code   200  spi.o(.text)
    SPI1_ReadWordFromReg                     0x080011e9   Thumb Code    82  spi.o(.text)
    SPI1_Read2ByteFromReg                    0x0800123b   Thumb Code    68  spi.o(.text)
    SPI1_ReadByteFromReg                     0x0800127f   Thumb Code    58  spi.o(.text)
    TDC_GPIO_Init                            0x080012d9   Thumb Code   154  tdc.o(.text)
    configureRegisterTDCGP22                 0x08001373   Thumb Code    72  tdc.o(.text)
    resetTDCGP22                             0x080013bb   Thumb Code    52  tdc.o(.text)
    TDC_Init_Reg                             0x080013ef   Thumb Code    64  tdc.o(.text)
    EXTIX_Init                               0x0800142f   Thumb Code    88  tdc.o(.text)
    EXTI15_10_IRQHandler                     0x08001487   Thumb Code    38  tdc.o(.text)
    powerOnResetTDCGP22                      0x080014ad   Thumb Code    26  tdc.o(.text)
    initMeasureTDCGP22                       0x080014c7   Thumb Code    26  tdc.o(.text)
    timeFlightStartTDCGP22                   0x080014e1   Thumb Code    26  tdc.o(.text)
    timeFlightRestartTDCGP22                 0x080014fb   Thumb Code    32  tdc.o(.text)
    tempStartTDCGP22                         0x0800151b   Thumb Code    26  tdc.o(.text)
    readStatusRegisterTDCGP22                0x08001535   Thumb Code    66  tdc.o(.text)
    readPW1STRegisterTDCGP22                 0x08001577   Thumb Code   146  tdc.o(.text)
    readIDbytesTDCGP22                       0x08001609   Thumb Code   114  tdc.o(.text)
    Error                                    0x0800167b   Thumb Code    34  tdc.o(.text)
    SPI_TDC_SendByte                         0x0800169d   Thumb Code   152  tdc.o(.text)
    readRegisterTDCGP22                      0x08001735   Thumb Code    76  tdc.o(.text)
    calibrateResonator                       0x08001781   Thumb Code   124  tdc.o(.text)
    delay_init                               0x08001819   Thumb Code    52  delay.o(.text)
    delay_us                                 0x0800184d   Thumb Code    72  delay.o(.text)
    delay_xms                                0x08001895   Thumb Code    72  delay.o(.text)
    delay_ms                                 0x080018dd   Thumb Code    56  delay.o(.text)
    _sys_exit                                0x0800191d   Thumb Code     4  usart.o(.text)
    fputc                                    0x08001921   Thumb Code    22  usart.o(.text)
    uart_init                                0x08001937   Thumb Code   162  usart.o(.text)
    USART1_IRQHandler                        0x080019d9   Thumb Code   122  usart.o(.text)
    Reset_Handler                            0x08001a65   Thumb Code     8  startup_stm32f40_41xxx.o(.text)
    ADC_IRQHandler                           0x08001a7f   Thumb Code     0  startup_stm32f40_41xxx.o(.text)
    CAN1_RX0_IRQHandler                      0x08001a7f   Thumb Code     0  startup_stm32f40_41xxx.o(.text)
    CAN1_RX1_IRQHandler                      0x08001a7f   Thumb Code     0  startup_stm32f40_41xxx.o(.text)
    CAN1_SCE_IRQHandler                      0x08001a7f   Thumb Code     0  startup_stm32f40_41xxx.o(.text)
    CAN1_TX_IRQHandler                       0x08001a7f   Thumb Code     0  startup_stm32f40_41xxx.o(.text)
    CAN2_RX0_IRQHandler                      0x08001a7f   Thumb Code     0  startup_stm32f40_41xxx.o(.text)
    CAN2_RX1_IRQHandler                      0x08001a7f   Thumb Code     0  startup_stm32f40_41xxx.o(.text)
    CAN2_SCE_IRQHandler                      0x08001a7f   Thumb Code     0  startup_stm32f40_41xxx.o(.text)
    CAN2_TX_IRQHandler                       0x08001a7f   Thumb Code     0  startup_stm32f40_41xxx.o(.text)
    CRYP_IRQHandler                          0x08001a7f   Thumb Code     0  startup_stm32f40_41xxx.o(.text)
    DCMI_IRQHandler                          0x08001a7f   Thumb Code     0  startup_stm32f40_41xxx.o(.text)
    DMA1_Stream0_IRQHandler                  0x08001a7f   Thumb Code     0  startup_stm32f40_41xxx.o(.text)
    DMA1_Stream1_IRQHandler                  0x08001a7f   Thumb Code     0  startup_stm32f40_41xxx.o(.text)
    DMA1_Stream2_IRQHandler                  0x08001a7f   Thumb Code     0  startup_stm32f40_41xxx.o(.text)
    DMA1_Stream3_IRQHandler                  0x08001a7f   Thumb Code     0  startup_stm32f40_41xxx.o(.text)
    DMA1_Stream4_IRQHandler                  0x08001a7f   Thumb Code     0  startup_stm32f40_41xxx.o(.text)
    DMA1_Stream5_IRQHandler                  0x08001a7f   Thumb Code     0  startup_stm32f40_41xxx.o(.text)
    DMA1_Stream6_IRQHandler                  0x08001a7f   Thumb Code     0  startup_stm32f40_41xxx.o(.text)
    DMA1_Stream7_IRQHandler                  0x08001a7f   Thumb Code     0  startup_stm32f40_41xxx.o(.text)
    DMA2_Stream0_IRQHandler                  0x08001a7f   Thumb Code     0  startup_stm32f40_41xxx.o(.text)
    DMA2_Stream1_IRQHandler                  0x08001a7f   Thumb Code     0  startup_stm32f40_41xxx.o(.text)
    DMA2_Stream2_IRQHandler                  0x08001a7f   Thumb Code     0  startup_stm32f40_41xxx.o(.text)
    DMA2_Stream3_IRQHandler                  0x08001a7f   Thumb Code     0  startup_stm32f40_41xxx.o(.text)
    DMA2_Stream4_IRQHandler                  0x08001a7f   Thumb Code     0  startup_stm32f40_41xxx.o(.text)
    DMA2_Stream5_IRQHandler                  0x08001a7f   Thumb Code     0  startup_stm32f40_41xxx.o(.text)
    DMA2_Stream6_IRQHandler                  0x08001a7f   Thumb Code     0  startup_stm32f40_41xxx.o(.text)
    DMA2_Stream7_IRQHandler                  0x08001a7f   Thumb Code     0  startup_stm32f40_41xxx.o(.text)
    ETH_IRQHandler                           0x08001a7f   Thumb Code     0  startup_stm32f40_41xxx.o(.text)
    ETH_WKUP_IRQHandler                      0x08001a7f   Thumb Code     0  startup_stm32f40_41xxx.o(.text)
    EXTI0_IRQHandler                         0x08001a7f   Thumb Code     0  startup_stm32f40_41xxx.o(.text)
    EXTI1_IRQHandler                         0x08001a7f   Thumb Code     0  startup_stm32f40_41xxx.o(.text)
    EXTI2_IRQHandler                         0x08001a7f   Thumb Code     0  startup_stm32f40_41xxx.o(.text)
    EXTI3_IRQHandler                         0x08001a7f   Thumb Code     0  startup_stm32f40_41xxx.o(.text)
    EXTI4_IRQHandler                         0x08001a7f   Thumb Code     0  startup_stm32f40_41xxx.o(.text)
    EXTI9_5_IRQHandler                       0x08001a7f   Thumb Code     0  startup_stm32f40_41xxx.o(.text)
    FLASH_IRQHandler                         0x08001a7f   Thumb Code     0  startup_stm32f40_41xxx.o(.text)
    FPU_IRQHandler                           0x08001a7f   Thumb Code     0  startup_stm32f40_41xxx.o(.text)
    FSMC_IRQHandler                          0x08001a7f   Thumb Code     0  startup_stm32f40_41xxx.o(.text)
    HASH_RNG_IRQHandler                      0x08001a7f   Thumb Code     0  startup_stm32f40_41xxx.o(.text)
    I2C1_ER_IRQHandler                       0x08001a7f   Thumb Code     0  startup_stm32f40_41xxx.o(.text)
    I2C1_EV_IRQHandler                       0x08001a7f   Thumb Code     0  startup_stm32f40_41xxx.o(.text)
    I2C2_ER_IRQHandler                       0x08001a7f   Thumb Code     0  startup_stm32f40_41xxx.o(.text)
    I2C2_EV_IRQHandler                       0x08001a7f   Thumb Code     0  startup_stm32f40_41xxx.o(.text)
    I2C3_ER_IRQHandler                       0x08001a7f   Thumb Code     0  startup_stm32f40_41xxx.o(.text)
    I2C3_EV_IRQHandler                       0x08001a7f   Thumb Code     0  startup_stm32f40_41xxx.o(.text)
    OTG_FS_IRQHandler                        0x08001a7f   Thumb Code     0  startup_stm32f40_41xxx.o(.text)
    OTG_FS_WKUP_IRQHandler                   0x08001a7f   Thumb Code     0  startup_stm32f40_41xxx.o(.text)
    OTG_HS_EP1_IN_IRQHandler                 0x08001a7f   Thumb Code     0  startup_stm32f40_41xxx.o(.text)
    OTG_HS_EP1_OUT_IRQHandler                0x08001a7f   Thumb Code     0  startup_stm32f40_41xxx.o(.text)
    OTG_HS_IRQHandler                        0x08001a7f   Thumb Code     0  startup_stm32f40_41xxx.o(.text)
    OTG_HS_WKUP_IRQHandler                   0x08001a7f   Thumb Code     0  startup_stm32f40_41xxx.o(.text)
    PVD_IRQHandler                           0x08001a7f   Thumb Code     0  startup_stm32f40_41xxx.o(.text)
    RCC_IRQHandler                           0x08001a7f   Thumb Code     0  startup_stm32f40_41xxx.o(.text)
    RTC_Alarm_IRQHandler                     0x08001a7f   Thumb Code     0  startup_stm32f40_41xxx.o(.text)
    RTC_WKUP_IRQHandler                      0x08001a7f   Thumb Code     0  startup_stm32f40_41xxx.o(.text)
    SDIO_IRQHandler                          0x08001a7f   Thumb Code     0  startup_stm32f40_41xxx.o(.text)
    SPI1_IRQHandler                          0x08001a7f   Thumb Code     0  startup_stm32f40_41xxx.o(.text)
    SPI2_IRQHandler                          0x08001a7f   Thumb Code     0  startup_stm32f40_41xxx.o(.text)
    SPI3_IRQHandler                          0x08001a7f   Thumb Code     0  startup_stm32f40_41xxx.o(.text)
    TAMP_STAMP_IRQHandler                    0x08001a7f   Thumb Code     0  startup_stm32f40_41xxx.o(.text)
    TIM1_BRK_TIM9_IRQHandler                 0x08001a7f   Thumb Code     0  startup_stm32f40_41xxx.o(.text)
    TIM1_CC_IRQHandler                       0x08001a7f   Thumb Code     0  startup_stm32f40_41xxx.o(.text)
    TIM1_TRG_COM_TIM11_IRQHandler            0x08001a7f   Thumb Code     0  startup_stm32f40_41xxx.o(.text)
    TIM1_UP_TIM10_IRQHandler                 0x08001a7f   Thumb Code     0  startup_stm32f40_41xxx.o(.text)
    TIM2_IRQHandler                          0x08001a7f   Thumb Code     0  startup_stm32f40_41xxx.o(.text)
    TIM3_IRQHandler                          0x08001a7f   Thumb Code     0  startup_stm32f40_41xxx.o(.text)
    TIM4_IRQHandler                          0x08001a7f   Thumb Code     0  startup_stm32f40_41xxx.o(.text)
    TIM5_IRQHandler                          0x08001a7f   Thumb Code     0  startup_stm32f40_41xxx.o(.text)
    TIM6_DAC_IRQHandler                      0x08001a7f   Thumb Code     0  startup_stm32f40_41xxx.o(.text)
    TIM7_IRQHandler                          0x08001a7f   Thumb Code     0  startup_stm32f40_41xxx.o(.text)
    TIM8_BRK_TIM12_IRQHandler                0x08001a7f   Thumb Code     0  startup_stm32f40_41xxx.o(.text)
    TIM8_CC_IRQHandler                       0x08001a7f   Thumb Code     0  startup_stm32f40_41xxx.o(.text)
    TIM8_TRG_COM_TIM14_IRQHandler            0x08001a7f   Thumb Code     0  startup_stm32f40_41xxx.o(.text)
    TIM8_UP_TIM13_IRQHandler                 0x08001a7f   Thumb Code     0  startup_stm32f40_41xxx.o(.text)
    UART4_IRQHandler                         0x08001a7f   Thumb Code     0  startup_stm32f40_41xxx.o(.text)
    UART5_IRQHandler                         0x08001a7f   Thumb Code     0  startup_stm32f40_41xxx.o(.text)
    USART2_IRQHandler                        0x08001a7f   Thumb Code     0  startup_stm32f40_41xxx.o(.text)
    USART3_IRQHandler                        0x08001a7f   Thumb Code     0  startup_stm32f40_41xxx.o(.text)
    USART6_IRQHandler                        0x08001a7f   Thumb Code     0  startup_stm32f40_41xxx.o(.text)
    WWDG_IRQHandler                          0x08001a7f   Thumb Code     0  startup_stm32f40_41xxx.o(.text)
    __user_initial_stackheap                 0x08001a81   Thumb Code     0  startup_stm32f40_41xxx.o(.text)
    NVIC_PriorityGroupConfig                 0x08001aa5   Thumb Code    10  misc.o(.text)
    NVIC_Init                                0x08001aaf   Thumb Code   106  misc.o(.text)
    NVIC_SetVectorTable                      0x08001b19   Thumb Code    14  misc.o(.text)
    NVIC_SystemLPConfig                      0x08001b27   Thumb Code    34  misc.o(.text)
    SysTick_CLKSourceConfig                  0x08001b49   Thumb Code    40  misc.o(.text)
    GPIO_DeInit                              0x08001b85   Thumb Code   268  stm32f4xx_gpio.o(.text)
    GPIO_Init                                0x08001c91   Thumb Code   144  stm32f4xx_gpio.o(.text)
    GPIO_StructInit                          0x08001d21   Thumb Code    18  stm32f4xx_gpio.o(.text)
    GPIO_PinLockConfig                       0x08001d33   Thumb Code    34  stm32f4xx_gpio.o(.text)
    GPIO_ReadInputDataBit                    0x08001d55   Thumb Code    18  stm32f4xx_gpio.o(.text)
    GPIO_ReadInputData                       0x08001d67   Thumb Code     8  stm32f4xx_gpio.o(.text)
    GPIO_ReadOutputDataBit                   0x08001d6f   Thumb Code    18  stm32f4xx_gpio.o(.text)
    GPIO_ReadOutputData                      0x08001d81   Thumb Code     8  stm32f4xx_gpio.o(.text)
    GPIO_SetBits                             0x08001d89   Thumb Code     4  stm32f4xx_gpio.o(.text)
    GPIO_ResetBits                           0x08001d8d   Thumb Code     4  stm32f4xx_gpio.o(.text)
    GPIO_WriteBit                            0x08001d91   Thumb Code    10  stm32f4xx_gpio.o(.text)
    GPIO_Write                               0x08001d9b   Thumb Code     4  stm32f4xx_gpio.o(.text)
    GPIO_ToggleBits                          0x08001d9f   Thumb Code     8  stm32f4xx_gpio.o(.text)
    GPIO_PinAFConfig                         0x08001da7   Thumb Code    70  stm32f4xx_gpio.o(.text)
    RCC_DeInit                               0x08001e19   Thumb Code    82  stm32f4xx_rcc.o(.text)
    RCC_HSEConfig                            0x08001e6b   Thumb Code    14  stm32f4xx_rcc.o(.text)
    RCC_GetFlagStatus                        0x08001e79   Thumb Code    60  stm32f4xx_rcc.o(.text)
    RCC_WaitForHSEStartUp                    0x08001eb5   Thumb Code    56  stm32f4xx_rcc.o(.text)
    RCC_AdjustHSICalibrationValue            0x08001eed   Thumb Code    20  stm32f4xx_rcc.o(.text)
    RCC_HSICmd                               0x08001f01   Thumb Code     6  stm32f4xx_rcc.o(.text)
    RCC_LSEConfig                            0x08001f07   Thumb Code    46  stm32f4xx_rcc.o(.text)
    RCC_LSICmd                               0x08001f35   Thumb Code     6  stm32f4xx_rcc.o(.text)
    RCC_PLLConfig                            0x08001f3b   Thumb Code    32  stm32f4xx_rcc.o(.text)
    RCC_PLLCmd                               0x08001f5b   Thumb Code     6  stm32f4xx_rcc.o(.text)
    RCC_PLLI2SConfig                         0x08001f61   Thumb Code    14  stm32f4xx_rcc.o(.text)
    RCC_PLLI2SCmd                            0x08001f6f   Thumb Code     6  stm32f4xx_rcc.o(.text)
    RCC_PLLSAIConfig                         0x08001f75   Thumb Code    20  stm32f4xx_rcc.o(.text)
    RCC_PLLSAICmd                            0x08001f89   Thumb Code     6  stm32f4xx_rcc.o(.text)
    RCC_ClockSecuritySystemCmd               0x08001f8f   Thumb Code     6  stm32f4xx_rcc.o(.text)
    RCC_MCO1Config                           0x08001f95   Thumb Code    28  stm32f4xx_rcc.o(.text)
    RCC_MCO2Config                           0x08001fb1   Thumb Code    28  stm32f4xx_rcc.o(.text)
    RCC_SYSCLKConfig                         0x08001fcd   Thumb Code    20  stm32f4xx_rcc.o(.text)
    RCC_GetSYSCLKSource                      0x08001fe1   Thumb Code    12  stm32f4xx_rcc.o(.text)
    RCC_HCLKConfig                           0x08001fed   Thumb Code    20  stm32f4xx_rcc.o(.text)
    RCC_PCLK1Config                          0x08002001   Thumb Code    20  stm32f4xx_rcc.o(.text)
    RCC_PCLK2Config                          0x08002015   Thumb Code    22  stm32f4xx_rcc.o(.text)
    RCC_GetClocksFreq                        0x0800202b   Thumb Code   222  stm32f4xx_rcc.o(.text)
    RCC_RTCCLKConfig                         0x08002109   Thumb Code    54  stm32f4xx_rcc.o(.text)
    RCC_RTCCLKCmd                            0x0800213f   Thumb Code     8  stm32f4xx_rcc.o(.text)
    RCC_BackupResetCmd                       0x08002147   Thumb Code     8  stm32f4xx_rcc.o(.text)
    RCC_I2SCLKConfig                         0x0800214f   Thumb Code     6  stm32f4xx_rcc.o(.text)
    RCC_SAIPLLI2SClkDivConfig                0x08002155   Thumb Code    26  stm32f4xx_rcc.o(.text)
    RCC_SAIPLLSAIClkDivConfig                0x0800216f   Thumb Code    28  stm32f4xx_rcc.o(.text)
    RCC_SAIBlockACLKConfig                   0x0800218b   Thumb Code    20  stm32f4xx_rcc.o(.text)
    RCC_SAIBlockBCLKConfig                   0x0800219f   Thumb Code    20  stm32f4xx_rcc.o(.text)
    RCC_LTDCCLKDivConfig                     0x080021b3   Thumb Code    20  stm32f4xx_rcc.o(.text)
    RCC_TIMCLKPresConfig                     0x080021c7   Thumb Code     6  stm32f4xx_rcc.o(.text)
    RCC_AHB1PeriphClockCmd                   0x080021cd   Thumb Code    34  stm32f4xx_rcc.o(.text)
    RCC_AHB2PeriphClockCmd                   0x080021ef   Thumb Code    78  stm32f4xx_rcc.o(.text)
    RCC_AHB3PeriphClockCmd                   0x0800223d   Thumb Code    34  stm32f4xx_rcc.o(.text)
    RCC_APB1PeriphClockCmd                   0x0800225f   Thumb Code    34  stm32f4xx_rcc.o(.text)
    RCC_APB2PeriphClockCmd                   0x08002281   Thumb Code    34  stm32f4xx_rcc.o(.text)
    RCC_AHB1PeriphResetCmd                   0x080022a3   Thumb Code    34  stm32f4xx_rcc.o(.text)
    RCC_AHB2PeriphResetCmd                   0x080022c5   Thumb Code    34  stm32f4xx_rcc.o(.text)
    RCC_AHB3PeriphResetCmd                   0x080022e7   Thumb Code    34  stm32f4xx_rcc.o(.text)
    RCC_APB1PeriphResetCmd                   0x08002309   Thumb Code    34  stm32f4xx_rcc.o(.text)
    RCC_APB2PeriphResetCmd                   0x0800232b   Thumb Code    34  stm32f4xx_rcc.o(.text)
    RCC_AHB1PeriphClockLPModeCmd             0x0800234d   Thumb Code    34  stm32f4xx_rcc.o(.text)
    RCC_AHB2PeriphClockLPModeCmd             0x0800236f   Thumb Code    34  stm32f4xx_rcc.o(.text)
    RCC_AHB3PeriphClockLPModeCmd             0x08002391   Thumb Code    34  stm32f4xx_rcc.o(.text)
    RCC_APB1PeriphClockLPModeCmd             0x080023b3   Thumb Code    34  stm32f4xx_rcc.o(.text)
    RCC_APB2PeriphClockLPModeCmd             0x080023d5   Thumb Code    34  stm32f4xx_rcc.o(.text)
    RCC_LSEModeConfig                        0x080023f7   Thumb Code    40  stm32f4xx_rcc.o(.text)
    RCC_ITConfig                             0x0800241f   Thumb Code    34  stm32f4xx_rcc.o(.text)
    RCC_ClearFlag                            0x08002441   Thumb Code    18  stm32f4xx_rcc.o(.text)
    RCC_GetITStatus                          0x08002453   Thumb Code    22  stm32f4xx_rcc.o(.text)
    RCC_ClearITPendingBit                    0x08002469   Thumb Code     8  stm32f4xx_rcc.o(.text)
    USART_DeInit                             0x08002475   Thumb Code   206  stm32f4xx_usart.o(.text)
    USART_Init                               0x08002543   Thumb Code   204  stm32f4xx_usart.o(.text)
    USART_StructInit                         0x0800260f   Thumb Code    24  stm32f4xx_usart.o(.text)
    USART_ClockInit                          0x08002627   Thumb Code    32  stm32f4xx_usart.o(.text)
    USART_ClockStructInit                    0x08002647   Thumb Code    12  stm32f4xx_usart.o(.text)
    USART_Cmd                                0x08002653   Thumb Code    24  stm32f4xx_usart.o(.text)
    USART_SetPrescaler                       0x0800266b   Thumb Code    16  stm32f4xx_usart.o(.text)
    USART_OverSampling8Cmd                   0x0800267b   Thumb Code    22  stm32f4xx_usart.o(.text)
    USART_OneBitMethodCmd                    0x08002691   Thumb Code    24  stm32f4xx_usart.o(.text)
    USART_SendData                           0x080026a9   Thumb Code     8  stm32f4xx_usart.o(.text)
    USART_ReceiveData                        0x080026b1   Thumb Code    10  stm32f4xx_usart.o(.text)
    USART_SetAddress                         0x080026bb   Thumb Code    18  stm32f4xx_usart.o(.text)
    USART_ReceiverWakeUpCmd                  0x080026cd   Thumb Code    24  stm32f4xx_usart.o(.text)
    USART_WakeUpConfig                       0x080026e5   Thumb Code    18  stm32f4xx_usart.o(.text)
    USART_LINBreakDetectLengthConfig         0x080026f7   Thumb Code    18  stm32f4xx_usart.o(.text)
    USART_LINCmd                             0x08002709   Thumb Code    24  stm32f4xx_usart.o(.text)
    USART_SendBreak                          0x08002721   Thumb Code    10  stm32f4xx_usart.o(.text)
    USART_HalfDuplexCmd                      0x0800272b   Thumb Code    24  stm32f4xx_usart.o(.text)
    USART_SetGuardTime                       0x08002743   Thumb Code    16  stm32f4xx_usart.o(.text)
    USART_SmartCardCmd                       0x08002753   Thumb Code    24  stm32f4xx_usart.o(.text)
    USART_SmartCardNACKCmd                   0x0800276b   Thumb Code    24  stm32f4xx_usart.o(.text)
    USART_IrDAConfig                         0x08002783   Thumb Code    18  stm32f4xx_usart.o(.text)
    USART_IrDACmd                            0x08002795   Thumb Code    24  stm32f4xx_usart.o(.text)
    USART_DMACmd                             0x080027ad   Thumb Code    18  stm32f4xx_usart.o(.text)
    USART_ITConfig                           0x080027bf   Thumb Code    74  stm32f4xx_usart.o(.text)
    USART_GetFlagStatus                      0x08002809   Thumb Code    26  stm32f4xx_usart.o(.text)
    USART_ClearFlag                          0x08002823   Thumb Code    18  stm32f4xx_usart.o(.text)
    USART_GetITStatus                        0x08002835   Thumb Code   118  stm32f4xx_usart.o(.text)
    USART_ClearITPendingBit                  0x080028ab   Thumb Code    30  stm32f4xx_usart.o(.text)
    SYSCFG_DeInit                            0x080028c9   Thumb Code    22  stm32f4xx_syscfg.o(.text)
    SYSCFG_MemoryRemapConfig                 0x080028df   Thumb Code     6  stm32f4xx_syscfg.o(.text)
    SYSCFG_MemorySwappingBank                0x080028e5   Thumb Code     6  stm32f4xx_syscfg.o(.text)
    SYSCFG_EXTILineConfig                    0x080028eb   Thumb Code    66  stm32f4xx_syscfg.o(.text)
    SYSCFG_ETH_MediaInterfaceConfig          0x0800292d   Thumb Code     8  stm32f4xx_syscfg.o(.text)
    SYSCFG_CompensationCellCmd               0x08002935   Thumb Code     6  stm32f4xx_syscfg.o(.text)
    SYSCFG_GetCompensationCellStatus         0x0800293b   Thumb Code    22  stm32f4xx_syscfg.o(.text)
    SPI_I2S_DeInit                           0x0800295d   Thumb Code   152  stm32f4xx_spi.o(.text)
    SPI_Init                                 0x080029f5   Thumb Code    60  stm32f4xx_spi.o(.text)
    I2S_Init                                 0x08002a31   Thumb Code   396  stm32f4xx_spi.o(.text)
    SPI_StructInit                           0x08002bbd   Thumb Code    24  stm32f4xx_spi.o(.text)
    I2S_StructInit                           0x08002bd5   Thumb Code    20  stm32f4xx_spi.o(.text)
    SPI_Cmd                                  0x08002be9   Thumb Code    24  stm32f4xx_spi.o(.text)
    I2S_Cmd                                  0x08002c01   Thumb Code    24  stm32f4xx_spi.o(.text)
    SPI_DataSizeConfig                       0x08002c19   Thumb Code    18  stm32f4xx_spi.o(.text)
    SPI_BiDirectionalLineConfig              0x08002c2b   Thumb Code    28  stm32f4xx_spi.o(.text)
    SPI_NSSInternalSoftwareConfig            0x08002c47   Thumb Code    30  stm32f4xx_spi.o(.text)
    SPI_SSOutputCmd                          0x08002c65   Thumb Code    24  stm32f4xx_spi.o(.text)
    SPI_TIModeCmd                            0x08002c7d   Thumb Code    24  stm32f4xx_spi.o(.text)
    I2S_FullDuplexConfig                     0x08002c95   Thumb Code    80  stm32f4xx_spi.o(.text)
    SPI_I2S_ReceiveData                      0x08002ce5   Thumb Code     6  stm32f4xx_spi.o(.text)
    SPI_I2S_SendData                         0x08002ceb   Thumb Code     4  stm32f4xx_spi.o(.text)
    SPI_CalculateCRC                         0x08002cef   Thumb Code    24  stm32f4xx_spi.o(.text)
    SPI_TransmitCRC                          0x08002d07   Thumb Code    10  stm32f4xx_spi.o(.text)
    SPI_GetCRC                               0x08002d11   Thumb Code    16  stm32f4xx_spi.o(.text)
    SPI_GetCRCPolynomial                     0x08002d21   Thumb Code     6  stm32f4xx_spi.o(.text)
    SPI_I2S_DMACmd                           0x08002d27   Thumb Code    18  stm32f4xx_spi.o(.text)
    SPI_I2S_ITConfig                         0x08002d39   Thumb Code    68  stm32f4xx_spi.o(.text)
    SPI_I2S_GetFlagStatus                    0x08002d7d   Thumb Code    18  stm32f4xx_spi.o(.text)
    SPI_I2S_ClearFlag                        0x08002d8f   Thumb Code     6  stm32f4xx_spi.o(.text)
    SPI_I2S_GetITStatus                      0x08002d95   Thumb Code    52  stm32f4xx_spi.o(.text)
    SPI_I2S_ClearITPendingBit                0x08002dc9   Thumb Code    20  stm32f4xx_spi.o(.text)
    EXTI_DeInit                              0x08002ddd   Thumb Code    28  stm32f4xx_exti.o(.text)
    EXTI_Init                                0x08002df9   Thumb Code   142  stm32f4xx_exti.o(.text)
    EXTI_StructInit                          0x08002e87   Thumb Code    16  stm32f4xx_exti.o(.text)
    EXTI_GenerateSWInterrupt                 0x08002e97   Thumb Code    16  stm32f4xx_exti.o(.text)
    EXTI_GetFlagStatus                       0x08002ea7   Thumb Code    22  stm32f4xx_exti.o(.text)
    EXTI_ClearFlag                           0x08002ebd   Thumb Code     8  stm32f4xx_exti.o(.text)
    EXTI_GetITStatus                         0x08002ec5   Thumb Code    22  stm32f4xx_exti.o(.text)
    EXTI_ClearITPendingBit                   0x08002edb   Thumb Code     8  stm32f4xx_exti.o(.text)
    __use_no_semihosting                     0x08002eed   Thumb Code     2  use_no_semi_2.o(.text)
    __2printf                                0x08002ef1   Thumb Code    20  noretval__2printf.o(.text)
    __2sprintf                               0x08002f09   Thumb Code    34  noretval__2sprintf.o(.text)
    __printf                                 0x08002f31   Thumb Code   270  __printf_wp.o(.text)
    __use_two_region_memory                  0x0800303f   Thumb Code     2  heapauxi.o(.text)
    __rt_heap_escrow$2region                 0x08003041   Thumb Code     2  heapauxi.o(.text)
    __rt_heap_expand$2region                 0x08003043   Thumb Code     2  heapauxi.o(.text)
    __I$use$semihosting                      0x08003045   Thumb Code     0  use_no_semi.o(.text)
    __use_no_semihosting_swi                 0x08003045   Thumb Code     2  use_no_semi.o(.text)
    __lib_sel_fp_printf                      0x08003047   Thumb Code     2  _printf_fp_dec.o(.text)
    _printf_fp_dec_real                      0x080031f9   Thumb Code   620  _printf_fp_dec.o(.text)
    _printf_char_common                      0x0800346f   Thumb Code    32  _printf_char_common.o(.text)
    _sputc                                   0x08003495   Thumb Code    10  _sputc.o(.text)
    _printf_char_file                        0x080034a1   Thumb Code    32  _printf_char_file.o(.text)
    __rt_locale                              0x080034c5   Thumb Code     8  rt_locale_intlibspace.o(.text)
    _ll_udiv10                               0x080034cd   Thumb Code   138  lludiv10.o(.text)
    _printf_fp_infnan                        0x08003559   Thumb Code   112  _printf_fp_infnan.o(.text)
    _btod_etento                             0x080035d9   Thumb Code   224  bigflt0.o(.text)
    ferror                                   0x080036bd   Thumb Code     8  ferror.o(.text)
    __user_libspace                          0x080036c5   Thumb Code     8  libspace.o(.text)
    __user_perproc_libspace                  0x080036c5   Thumb Code     0  libspace.o(.text)
    __user_perthread_libspace                0x080036c5   Thumb Code     0  libspace.o(.text)
    __user_setup_stackheap                   0x080036cd   Thumb Code    74  sys_stackheap_outer.o(.text)
    exit                                     0x08003717   Thumb Code    18  exit.o(.text)
    strcmp                                   0x08003729   Thumb Code   128  strcmpv7m.o(.text)
    _btod_d2e                                0x080037a9   Thumb Code    62  btod.o(CL$$btod_d2e)
    _d2e_denorm_low                          0x080037e7   Thumb Code    70  btod.o(CL$$btod_d2e_denorm_low)
    _d2e_norm_op1                            0x0800382d   Thumb Code    96  btod.o(CL$$btod_d2e_norm_op1)
    __btod_div_common                        0x0800388d   Thumb Code   696  btod.o(CL$$btod_div_common)
    _e2e                                     0x08003bc5   Thumb Code   220  btod.o(CL$$btod_e2e)
    _btod_ediv                               0x08003ca1   Thumb Code    42  btod.o(CL$$btod_ediv)
    _btod_emul                               0x08003ccb   Thumb Code    42  btod.o(CL$$btod_emul)
    __btod_mult_common                       0x08003cf5   Thumb Code   580  btod.o(CL$$btod_mult_common)
    __ARM_fpclassify                         0x08003f39   Thumb Code    48  fpclassify.o(i.__ARM_fpclassify)
    _is_digit                                0x08003f69   Thumb Code    14  __printf_wp.o(i._is_digit)
    _get_lc_numeric                          0x08003f79   Thumb Code    44  lc_numeric_c.o(locale$$code)
    __aeabi_d2f                              0x08003fa5   Thumb Code     0  d2f.o(x$fpl$d2f)
    _d2f                                     0x08003fa5   Thumb Code    98  d2f.o(x$fpl$d2f)
    __aeabi_ddiv                             0x08004009   Thumb Code     0  ddiv.o(x$fpl$ddiv)
    _ddiv                                    0x08004009   Thumb Code   552  ddiv.o(x$fpl$ddiv)
    __aeabi_dmul                             0x080042b9   Thumb Code     0  dmul.o(x$fpl$dmul)
    _dmul                                    0x080042b9   Thumb Code   332  dmul.o(x$fpl$dmul)
    __fpl_dnaninf                            0x0800440d   Thumb Code   156  dnaninf.o(x$fpl$dnaninf)
    __fpl_dretinf                            0x080044a9   Thumb Code    12  dretinf.o(x$fpl$dretinf)
    __aeabi_f2d                              0x080044b5   Thumb Code     0  f2d.o(x$fpl$f2d)
    _f2d                                     0x080044b5   Thumb Code    86  f2d.o(x$fpl$f2d)
    __fpl_fnaninf                            0x0800450b   Thumb Code   140  fnaninf.o(x$fpl$fnaninf)
    _fp_init                                 0x08004597   Thumb Code    10  fpinit.o(x$fpl$fpinit)
    __fplib_config_fpu_vfp                   0x0800459f   Thumb Code     0  fpinit.o(x$fpl$fpinit)
    __fplib_config_pureend_doubles           0x0800459f   Thumb Code     0  fpinit.o(x$fpl$fpinit)
    __fpl_fretinf                            0x080045a1   Thumb Code    10  fretinf.o(x$fpl$fretinf)
    _printf_fp_dec                           0x080045ab   Thumb Code     4  printf1.o(x$fpl$printf1)
    __I$use$fp                               0x080045ae   Number         0  usenofp.o(x$fpl$usenofp)
    asc2_1206                                0x080045ae   Data        1140  oled.o(.constdata)
    asc2_1608                                0x08004a22   Data        1520  oled.o(.constdata)
    asc2_2412                                0x08005012   Data        3420  oled.o(.constdata)
    Region$$Table$$Base                      0x08005e04   Number         0  anon$$obj.o(Region$$Table)
    Region$$Table$$Limit                     0x08005e24   Number         0  anon$$obj.o(Region$$Table)
    byte                                     0x20000000   Data           2  main.o(.data)
    bytes_Cal                                0x20000004   Data           4  main.o(.data)
    bytes_Up                                 0x20000008   Data           4  main.o(.data)
    bytes_Down                               0x2000000c   Data           4  main.o(.data)
    V                                        0x20000010   Data           4  main.o(.data)
    t                                        0x20000014   Data           4  main.o(.data)
    i                                        0x20000018   Data           1  main.o(.data)
    Pw1st_Byte                               0x2000001c   Data           4  main.o(.data)
    bytes_Up_char                            0x20000020   Data           8  main.o(.data)
    bytes_Down_char                          0x20000028   Data           8  main.o(.data)
    bytes_V_char                             0x20000030   Data           8  main.o(.data)
    SystemCoreClock                          0x20000038   Data           4  system_stm32f4xx.o(.data)
    AHBPrescTable                            0x2000003c   Data          16  system_stm32f4xx.o(.data)
    Hzk1                                     0x2000004c   Data         352  oled.o(.data)
    Hzk2                                     0x200001ac   Data         216  oled.o(.data)
    Hzk3                                     0x20000284   Data         512  oled.o(.data)
    Hzk4                                     0x20000484   Data        4096  oled.o(.data)
    INTSign                                  0x20001484   Data           1  tdc.o(.data)
    num                                      0x20001485   Data           1  tdc.o(.data)
    ID_Bytes                                 0x20001486   Data           7  tdc.o(.data)
    G_tdcInterruptFlag                       0x2000148d   Data           1  tdc.o(.data)
    G_tdcStatusRegister                      0x2000148e   Data           2  tdc.o(.data)
    G_tdcTimeOutCount                        0x20001490   Data           4  tdc.o(.data)
    G_calibrateResult                        0x20001494   Data           4  tdc.o(.data)
    G_calibrateCorrectionFactor              0x20001498   Data           4  tdc.o(.data)
    __stdout                                 0x200014a0   Data           4  usart.o(.data)
    USART_RX_STA                             0x200014a4   Data           2  usart.o(.data)
    OLED_GRAM                                0x200014b8   Data        1152  oled.o(.bss)
    USART_RX_BUF                             0x20001938   Data         200  usart.o(.bss)
    __libspace_start                         0x20001a00   Data          96  libspace.o(.bss)
    __temporary_stack_top$libspace           0x20001a60   Data           0  libspace.o(.bss)



==============================================================================

Memory Map of the image

  Image Entry point : 0x08000189

  Load Region LR_IROM1 (Base: 0x08000000, Size: 0x000072f8, Max: 0x00100000, ABSOLUTE, COMPRESSED[0x00005f8c])

    Execution Region ER_IROM1 (Exec base: 0x08000000, Load base: 0x08000000, Size: 0x00005e40, Max: 0x00100000, ABSOLUTE)

    Exec Addr    Load Addr    Size         Type   Attr      Idx    E Section Name        Object

    0x08000000   0x08000000   0x00000188   Data   RO          527    RESET               startup_stm32f40_41xxx.o
    0x08000188   0x08000188   0x00000008   Code   RO          712  * !!!main             c_w.l(__main.o)
    0x08000190   0x08000190   0x00000034   Code   RO          950    !!!scatter          c_w.l(__scatter.o)
    0x080001c4   0x080001c4   0x0000005a   Code   RO          948    !!dczerorl2         c_w.l(__dczerorl2.o)
    0x0800021e   0x0800021e   0x00000002   PAD
    0x08000220   0x08000220   0x0000001c   Code   RO          952    !!handler_zi        c_w.l(__scatter_zi.o)
    0x0800023c   0x0800023c   0x00000000   Code   RO          709    .ARM.Collect$$_printf_percent$$00000000  c_w.l(_printf_percent.o)
    0x0800023c   0x0800023c   0x00000006   Code   RO          708    .ARM.Collect$$_printf_percent$$00000003  c_w.l(_printf_f.o)
    0x08000242   0x08000242   0x00000004   Code   RO          737    .ARM.Collect$$_printf_percent$$00000017  c_w.l(_printf_percent_end.o)
    0x08000246   0x08000246   0x00000002   Code   RO          823    .ARM.Collect$$libinit$$00000000  c_w.l(libinit.o)
    0x08000248   0x08000248   0x00000004   Code   RO          824    .ARM.Collect$$libinit$$00000001  c_w.l(libinit2.o)
    0x0800024c   0x0800024c   0x00000000   Code   RO          827    .ARM.Collect$$libinit$$00000004  c_w.l(libinit2.o)
    0x0800024c   0x0800024c   0x00000000   Code   RO          830    .ARM.Collect$$libinit$$0000000A  c_w.l(libinit2.o)
    0x0800024c   0x0800024c   0x00000000   Code   RO          832    .ARM.Collect$$libinit$$0000000C  c_w.l(libinit2.o)
    0x0800024c   0x0800024c   0x00000000   Code   RO          834    .ARM.Collect$$libinit$$0000000E  c_w.l(libinit2.o)
    0x0800024c   0x0800024c   0x00000006   Code   RO          835    .ARM.Collect$$libinit$$0000000F  c_w.l(libinit2.o)
    0x08000252   0x08000252   0x00000000   Code   RO          837    .ARM.Collect$$libinit$$00000011  c_w.l(libinit2.o)
    0x08000252   0x08000252   0x00000000   Code   RO          839    .ARM.Collect$$libinit$$00000013  c_w.l(libinit2.o)
    0x08000252   0x08000252   0x00000000   Code   RO          841    .ARM.Collect$$libinit$$00000015  c_w.l(libinit2.o)
    0x08000252   0x08000252   0x0000000a   Code   RO          842    .ARM.Collect$$libinit$$00000016  c_w.l(libinit2.o)
    0x0800025c   0x0800025c   0x00000000   Code   RO          843    .ARM.Collect$$libinit$$00000017  c_w.l(libinit2.o)
    0x0800025c   0x0800025c   0x00000000   Code   RO          845    .ARM.Collect$$libinit$$00000019  c_w.l(libinit2.o)
    0x0800025c   0x0800025c   0x00000000   Code   RO          847    .ARM.Collect$$libinit$$0000001B  c_w.l(libinit2.o)
    0x0800025c   0x0800025c   0x00000000   Code   RO          849    .ARM.Collect$$libinit$$0000001D  c_w.l(libinit2.o)
    0x0800025c   0x0800025c   0x00000000   Code   RO          851    .ARM.Collect$$libinit$$0000001F  c_w.l(libinit2.o)
    0x0800025c   0x0800025c   0x00000000   Code   RO          853    .ARM.Collect$$libinit$$00000021  c_w.l(libinit2.o)
    0x0800025c   0x0800025c   0x00000000   Code   RO          855    .ARM.Collect$$libinit$$00000023  c_w.l(libinit2.o)
    0x0800025c   0x0800025c   0x00000000   Code   RO          857    .ARM.Collect$$libinit$$00000025  c_w.l(libinit2.o)
    0x0800025c   0x0800025c   0x00000000   Code   RO          861    .ARM.Collect$$libinit$$0000002C  c_w.l(libinit2.o)
    0x0800025c   0x0800025c   0x00000000   Code   RO          863    .ARM.Collect$$libinit$$0000002E  c_w.l(libinit2.o)
    0x0800025c   0x0800025c   0x00000000   Code   RO          865    .ARM.Collect$$libinit$$00000030  c_w.l(libinit2.o)
    0x0800025c   0x0800025c   0x00000000   Code   RO          867    .ARM.Collect$$libinit$$00000032  c_w.l(libinit2.o)
    0x0800025c   0x0800025c   0x00000002   Code   RO          868    .ARM.Collect$$libinit$$00000033  c_w.l(libinit2.o)
    0x0800025e   0x0800025e   0x00000002   Code   RO          896    .ARM.Collect$$libshutdown$$00000000  c_w.l(libshutdown.o)
    0x08000260   0x08000260   0x00000000   Code   RO          905    .ARM.Collect$$libshutdown$$00000002  c_w.l(libshutdown2.o)
    0x08000260   0x08000260   0x00000000   Code   RO          907    .ARM.Collect$$libshutdown$$00000004  c_w.l(libshutdown2.o)
    0x08000260   0x08000260   0x00000000   Code   RO          909    .ARM.Collect$$libshutdown$$00000006  c_w.l(libshutdown2.o)
    0x08000260   0x08000260   0x00000000   Code   RO          912    .ARM.Collect$$libshutdown$$00000009  c_w.l(libshutdown2.o)
    0x08000260   0x08000260   0x00000000   Code   RO          915    .ARM.Collect$$libshutdown$$0000000C  c_w.l(libshutdown2.o)
    0x08000260   0x08000260   0x00000000   Code   RO          917    .ARM.Collect$$libshutdown$$0000000E  c_w.l(libshutdown2.o)
    0x08000260   0x08000260   0x00000000   Code   RO          920    .ARM.Collect$$libshutdown$$00000011  c_w.l(libshutdown2.o)
    0x08000260   0x08000260   0x00000002   Code   RO          921    .ARM.Collect$$libshutdown$$00000012  c_w.l(libshutdown2.o)
    0x08000262   0x08000262   0x00000000   Code   RO          728    .ARM.Collect$$rtentry$$00000000  c_w.l(__rtentry.o)
    0x08000262   0x08000262   0x00000000   Code   RO          748    .ARM.Collect$$rtentry$$00000002  c_w.l(__rtentry2.o)
    0x08000262   0x08000262   0x00000006   Code   RO          760    .ARM.Collect$$rtentry$$00000004  c_w.l(__rtentry4.o)
    0x08000268   0x08000268   0x00000000   Code   RO          750    .ARM.Collect$$rtentry$$00000009  c_w.l(__rtentry2.o)
    0x08000268   0x08000268   0x00000004   Code   RO          751    .ARM.Collect$$rtentry$$0000000A  c_w.l(__rtentry2.o)
    0x0800026c   0x0800026c   0x00000000   Code   RO          753    .ARM.Collect$$rtentry$$0000000C  c_w.l(__rtentry2.o)
    0x0800026c   0x0800026c   0x00000008   Code   RO          754    .ARM.Collect$$rtentry$$0000000D  c_w.l(__rtentry2.o)
    0x08000274   0x08000274   0x00000002   Code   RO          869    .ARM.Collect$$rtexit$$00000000  c_w.l(rtexit.o)
    0x08000276   0x08000276   0x00000000   Code   RO          876    .ARM.Collect$$rtexit$$00000002  c_w.l(rtexit2.o)
    0x08000276   0x08000276   0x00000004   Code   RO          877    .ARM.Collect$$rtexit$$00000003  c_w.l(rtexit2.o)
    0x0800027a   0x0800027a   0x00000006   Code   RO          878    .ARM.Collect$$rtexit$$00000004  c_w.l(rtexit2.o)
    0x08000280   0x08000280   0x000002a0   Code   RO            3    .text               main.o
    0x08000520   0x08000520   0x0000001a   Code   RO          168    .text               stm32f4xx_it.o
    0x0800053a   0x0800053a   0x00000002   PAD
    0x0800053c   0x0800053c   0x00000210   Code   RO          292    .text               system_stm32f4xx.o
    0x0800074c   0x0800074c   0x0000088c   Code   RO          318    .text               oled.o
    0x08000fd8   0x08000fd8   0x00000048   Code   RO          384    .text               led.o
    0x08001020   0x08001020   0x000002b8   Code   RO          407    .text               spi.o
    0x080012d8   0x080012d8   0x00000540   Code   RO          430    .text               tdc.o
    0x08001818   0x08001818   0x00000104   Code   RO          456    .text               delay.o
    0x0800191c   0x0800191c   0x00000148   Code   RO          496    .text               usart.o
    0x08001a64   0x08001a64   0x00000040   Code   RO          528    .text               startup_stm32f40_41xxx.o
    0x08001aa4   0x08001aa4   0x000000e0   Code   RO          534    .text               misc.o
    0x08001b84   0x08001b84   0x00000294   Code   RO          554    .text               stm32f4xx_gpio.o
    0x08001e18   0x08001e18   0x0000065c   Code   RO          574    .text               stm32f4xx_rcc.o
    0x08002474   0x08002474   0x00000454   Code   RO          596    .text               stm32f4xx_usart.o
    0x080028c8   0x080028c8   0x00000094   Code   RO          616    .text               stm32f4xx_syscfg.o
    0x0800295c   0x0800295c   0x00000480   Code   RO          636    .text               stm32f4xx_spi.o
    0x08002ddc   0x08002ddc   0x00000110   Code   RO          656    .text               stm32f4xx_exti.o
    0x08002eec   0x08002eec   0x00000002   Code   RO          676    .text               c_w.l(use_no_semi_2.o)
    0x08002eee   0x08002eee   0x00000002   PAD
    0x08002ef0   0x08002ef0   0x00000018   Code   RO          682    .text               c_w.l(noretval__2printf.o)
    0x08002f08   0x08002f08   0x00000028   Code   RO          684    .text               c_w.l(noretval__2sprintf.o)
    0x08002f30   0x08002f30   0x0000010e   Code   RO          696    .text               c_w.l(__printf_wp.o)
    0x0800303e   0x0800303e   0x00000006   Code   RO          710    .text               c_w.l(heapauxi.o)
    0x08003044   0x08003044   0x00000002   Code   RO          726    .text               c_w.l(use_no_semi.o)
    0x08003046   0x08003046   0x0000041e   Code   RO          729    .text               c_w.l(_printf_fp_dec.o)
    0x08003464   0x08003464   0x00000030   Code   RO          731    .text               c_w.l(_printf_char_common.o)
    0x08003494   0x08003494   0x0000000a   Code   RO          733    .text               c_w.l(_sputc.o)
    0x0800349e   0x0800349e   0x00000002   PAD
    0x080034a0   0x080034a0   0x00000024   Code   RO          735    .text               c_w.l(_printf_char_file.o)
    0x080034c4   0x080034c4   0x00000008   Code   RO          765    .text               c_w.l(rt_locale_intlibspace.o)
    0x080034cc   0x080034cc   0x0000008a   Code   RO          767    .text               c_w.l(lludiv10.o)
    0x08003556   0x08003556   0x00000002   PAD
    0x08003558   0x08003558   0x00000080   Code   RO          769    .text               c_w.l(_printf_fp_infnan.o)
    0x080035d8   0x080035d8   0x000000e4   Code   RO          773    .text               c_w.l(bigflt0.o)
    0x080036bc   0x080036bc   0x00000008   Code   RO          798    .text               c_w.l(ferror.o)
    0x080036c4   0x080036c4   0x00000008   Code   RO          809    .text               c_w.l(libspace.o)
    0x080036cc   0x080036cc   0x0000004a   Code   RO          812    .text               c_w.l(sys_stackheap_outer.o)
    0x08003716   0x08003716   0x00000012   Code   RO          814    .text               c_w.l(exit.o)
    0x08003728   0x08003728   0x00000080   Code   RO          816    .text               c_w.l(strcmpv7m.o)
    0x080037a8   0x080037a8   0x0000003e   Code   RO          776    CL$$btod_d2e        c_w.l(btod.o)
    0x080037e6   0x080037e6   0x00000046   Code   RO          778    CL$$btod_d2e_denorm_low  c_w.l(btod.o)
    0x0800382c   0x0800382c   0x00000060   Code   RO          777    CL$$btod_d2e_norm_op1  c_w.l(btod.o)
    0x0800388c   0x0800388c   0x00000338   Code   RO          786    CL$$btod_div_common  c_w.l(btod.o)
    0x08003bc4   0x08003bc4   0x000000dc   Code   RO          783    CL$$btod_e2e        c_w.l(btod.o)
    0x08003ca0   0x08003ca0   0x0000002a   Code   RO          780    CL$$btod_ediv       c_w.l(btod.o)
    0x08003cca   0x08003cca   0x0000002a   Code   RO          779    CL$$btod_emul       c_w.l(btod.o)
    0x08003cf4   0x08003cf4   0x00000244   Code   RO          785    CL$$btod_mult_common  c_w.l(btod.o)
    0x08003f38   0x08003f38   0x00000030   Code   RO          807    i.__ARM_fpclassify  m_wm.l(fpclassify.o)
    0x08003f68   0x08003f68   0x0000000e   Code   RO          698    i._is_digit         c_w.l(__printf_wp.o)
    0x08003f76   0x08003f76   0x00000002   PAD
    0x08003f78   0x08003f78   0x0000002c   Code   RO          803    locale$$code        c_w.l(lc_numeric_c.o)
    0x08003fa4   0x08003fa4   0x00000062   Code   RO          714    x$fpl$d2f           fz_wm.l(d2f.o)
    0x08004006   0x08004006   0x00000002   PAD
    0x08004008   0x08004008   0x000002b0   Code   RO          717    x$fpl$ddiv          fz_wm.l(ddiv.o)
    0x080042b8   0x080042b8   0x00000154   Code   RO          720    x$fpl$dmul          fz_wm.l(dmul.o)
    0x0800440c   0x0800440c   0x0000009c   Code   RO          738    x$fpl$dnaninf       fz_wm.l(dnaninf.o)
    0x080044a8   0x080044a8   0x0000000c   Code   RO          740    x$fpl$dretinf       fz_wm.l(dretinf.o)
    0x080044b4   0x080044b4   0x00000056   Code   RO          722    x$fpl$f2d           fz_wm.l(f2d.o)
    0x0800450a   0x0800450a   0x0000008c   Code   RO          742    x$fpl$fnaninf       fz_wm.l(fnaninf.o)
    0x08004596   0x08004596   0x0000000a   Code   RO          873    x$fpl$fpinit        fz_wm.l(fpinit.o)
    0x080045a0   0x080045a0   0x0000000a   Code   RO          744    x$fpl$fretinf       fz_wm.l(fretinf.o)
    0x080045aa   0x080045aa   0x00000004   Code   RO          724    x$fpl$printf1       fz_wm.l(printf1.o)
    0x080045ae   0x080045ae   0x00000000   Code   RO          746    x$fpl$usenofp       fz_wm.l(usenofp.o)
    0x080045ae   0x080045ae   0x000017c0   Data   RO          320    .constdata          oled.o
    0x08005d6e   0x08005d6e   0x00000002   PAD
    0x08005d70   0x08005d70   0x00000094   Data   RO          774    .constdata          c_w.l(bigflt0.o)
    0x08005e04   0x08005e04   0x00000020   Data   RO          946    Region$$Table       anon$$obj.o
    0x08005e24   0x08005e24   0x0000001c   Data   RO          802    locale$$data        c_w.l(lc_numeric_c.o)


    Execution Region RW_IRAM1 (Exec base: 0x20000000, Load base: 0x08005e40, Size: 0x00002060, Max: 0x00020000, ABSOLUTE, COMPRESSED[0x0000014c])

    Exec Addr    Load Addr    Size         Type   Attr      Idx    E Section Name        Object

    0x20000000   COMPRESSED   0x00000038   Data   RW            4    .data               main.o
    0x20000038   COMPRESSED   0x00000014   Data   RW          293    .data               system_stm32f4xx.o
    0x2000004c   COMPRESSED   0x00001438   Data   RW          321    .data               oled.o
    0x20001484   COMPRESSED   0x00000018   Data   RW          431    .data               tdc.o
    0x2000149c   COMPRESSED   0x00000004   Data   RW          457    .data               delay.o
    0x200014a0   COMPRESSED   0x00000006   Data   RW          498    .data               usart.o
    0x200014a6   COMPRESSED   0x00000010   Data   RW          575    .data               stm32f4xx_rcc.o
    0x200014b6   COMPRESSED   0x00000002   PAD
    0x200014b8        -       0x00000480   Zero   RW          319    .bss                oled.o
    0x20001938        -       0x000000c8   Zero   RW          497    .bss                usart.o
    0x20001a00        -       0x00000060   Zero   RW          810    .bss                c_w.l(libspace.o)
    0x20001a60        -       0x00000200   Zero   RW          526    HEAP                startup_stm32f40_41xxx.o
    0x20001c60        -       0x00000400   Zero   RW          525    STACK               startup_stm32f40_41xxx.o


==============================================================================

Image component sizes


      Code (inc. data)   RO Data    RW Data    ZI Data      Debug   Object Name

       260          8          0          4          0       1489   delay.o
        72          4          0          0          0        535   led.o
       672        160          0         56          0     233902   main.o
       224         20          0          0          0       1825   misc.o
      2188         52       6080       5176       1152     239841   oled.o
       696         32          0          0          0       2001   spi.o
        64         26        392          0       1536        836   startup_stm32f40_41xxx.o
       272         10          0          0          0       2295   stm32f4xx_exti.o
       660         44          0          0          0       4169   stm32f4xx_gpio.o
        26          0          0          0          0      37562   stm32f4xx_it.o
      1628         52          0         16          0      13044   stm32f4xx_rcc.o
      1152         36          0          0          0       6917   stm32f4xx_spi.o
       148         12          0          0          0       1849   stm32f4xx_syscfg.o
      1108         34          0          0          0       7892   stm32f4xx_usart.o
       528         46          0         20          0       1791   system_stm32f4xx.o
      1344         94          0         24          0       5197   tdc.o
       328         18          0          6        200       3314   usart.o

    ----------------------------------------------------------------------
     11372        648       6506       5304       2888     564459   Object Totals
         0          0         32          0          0          0   (incl. Generated)
         2          0          2          2          0          0   (incl. Padding)

    ----------------------------------------------------------------------

      Code (inc. data)   RO Data    RW Data    ZI Data      Debug   Library Member Name

        90          0          0          0          0          0   __dczerorl2.o
         8          0          0          0          0         68   __main.o
       284          0          0          0          0        156   __printf_wp.o
         0          0          0          0          0          0   __rtentry.o
        12          0          0          0          0          0   __rtentry2.o
         6          0          0          0          0          0   __rtentry4.o
        52          8          0          0          0          0   __scatter.o
        28          0          0          0          0          0   __scatter_zi.o
        48          6          0          0          0         96   _printf_char_common.o
        36          4          0          0          0         80   _printf_char_file.o
         6          0          0          0          0          0   _printf_f.o
      1054          0          0          0          0        216   _printf_fp_dec.o
       128         16          0          0          0         84   _printf_fp_infnan.o
         0          0          0          0          0          0   _printf_percent.o
         4          0          0          0          0          0   _printf_percent_end.o
        10          0          0          0          0         68   _sputc.o
       228          4        148          0          0         96   bigflt0.o
      1936        128          0          0          0        672   btod.o
        18          0          0          0          0         80   exit.o
         8          0          0          0          0         68   ferror.o
         6          0          0          0          0        152   heapauxi.o
        44         10         28          0          0         76   lc_numeric_c.o
         2          0          0          0          0          0   libinit.o
        22          0          0          0          0          0   libinit2.o
         2          0          0          0          0          0   libshutdown.o
         2          0          0          0          0          0   libshutdown2.o
         8          4          0          0         96         68   libspace.o
       138          0          0          0          0         80   lludiv10.o
        24          4          0          0          0         84   noretval__2printf.o
        40          6          0          0          0         84   noretval__2sprintf.o
         8          4          0          0          0         68   rt_locale_intlibspace.o
         2          0          0          0          0          0   rtexit.o
        10          0          0          0          0          0   rtexit2.o
       128          0          0          0          0         68   strcmpv7m.o
        74          0          0          0          0         80   sys_stackheap_outer.o
         2          0          0          0          0         68   use_no_semi.o
         2          0          0          0          0         68   use_no_semi_2.o
        98          4          0          0          0        140   d2f.o
       688        140          0          0          0        256   ddiv.o
       340         12          0          0          0        152   dmul.o
       156          4          0          0          0        140   dnaninf.o
        12          0          0          0          0        116   dretinf.o
        86          4          0          0          0        132   f2d.o
       140          4          0          0          0        132   fnaninf.o
        10          0          0          0          0        116   fpinit.o
        10          0          0          0          0        116   fretinf.o
         4          0          0          0          0        116   printf1.o
         0          0          0          0          0          0   usenofp.o
        48          0          0          0          0        124   fpclassify.o

    ----------------------------------------------------------------------
      6074        362        176          0         96       4120   Library Totals
        12          0          0          0          0          0   (incl. Padding)

    ----------------------------------------------------------------------

      Code (inc. data)   RO Data    RW Data    ZI Data      Debug   Library Name

      4470        194        176          0         96       2580   c_w.l
      1544        168          0          0          0       1416   fz_wm.l
        48          0          0          0          0        124   m_wm.l

    ----------------------------------------------------------------------
      6074        362        176          0         96       4120   Library Totals

    ----------------------------------------------------------------------

==============================================================================


      Code (inc. data)   RO Data    RW Data    ZI Data      Debug   

     17446       1010       6682       5304       2984     562975   Grand Totals
     17446       1010       6682        332       2984     562975   ELF Image Totals (compressed)
     17446       1010       6682        332          0          0   ROM Totals

==============================================================================

    Total RO  Size (Code + RO Data)                24128 (  23.56kB)
    Total RW  Size (RW Data + ZI Data)              8288 (   8.09kB)
    Total ROM Size (Code + RO Data + RW Data)      24460 (  23.89kB)

==============================================================================

